2026-04-15 17:44:27,532 INFO: Start logging
2026-04-15 17:44:31,460 ERROR: MQTT connection error: [Errno 11001] getaddrinfo failed
2026-04-15 17:44:31,558 INFO: MQTT connected to 10.10.1.6:8086
2026-04-15 17:44:41,461 WARNING: Message missing device_id: {'cpu_percent': '9.8%', 'cpu_temp_c': '48.7°„C', 'memory_mb': '20.0', 'system_memory_percent': '64.3%', 'thread_count': 9, 'uptime': '00:39:11'}
2026-04-15 17:44:41,463 ERROR: MQTT connection error: [Errno 11001] getaddrinfo failed
2026-04-15 17:44:51,473 ERROR: MQTT connection error: [Errno 11001] getaddrinfo failed
2026-04-15 17:45:01,418 INFO: Log data:[{'device_id': 0, 'air_flow': 0.0, 'Battery': 100, 'Signal': 'N/A', 'time': datetime.datetime(2026, 4, 15, 17, 44, 59, 430864)}]
2026-04-15 17:45:01,479 ERROR: MQTT connection error: [Errno 11001] getaddrinfo failed
2026-04-15 17:45:11,485 ERROR: MQTT connection error: [Errno 11001] getaddrinfo failed
2026-04-15 17:45:21,496 ERROR: MQTT connection error: [Errno 11001] getaddrinfo failed
2026-04-15 17:45:31,419 INFO: Log data:[{'device_id': 0, 'air_flow': 0.0, 'Battery': 100, 'Signal': 'N/A', 'time': datetime.datetime(2026, 4, 15, 17, 45, 29, 440323)}]
2026-04-15 17:45:31,503 ERROR: MQTT connection error: [Errno 11001] getaddrinfo failed
2026-04-15 17:45:41,462 WARNING: Message missing device_id: {'cpu_percent': '0.0%', 'cpu_temp_c': '49.2°„C', 'memory_mb': '20.0', 'system_memory_percent': '64.3%', 'thread_count': 9, 'uptime': '00:40:11'}
2026-04-15 17:45:41,509 ERROR: MQTT connection error: [Errno 11001] getaddrinfo failed
2026-04-15 17:45:51,522 ERROR: MQTT connection error: [Errno 11001] getaddrinfo failed
2026-04-15 17:46:01,421 INFO: Log data:[{'device_id': 0, 'air_flow': 0.0, 'Battery': 100, 'Signal': 'N/A', 'time': datetime.datetime(2026, 4, 15, 17, 45, 59, 440786)}]
2026-04-15 17:46:01,534 ERROR: MQTT connection error: [Errno 11001] getaddrinfo failed
2026-04-15 17:46:11,543 ERROR: MQTT connection error: [Errno 11001] getaddrinfo failed
2026-04-15 17:46:21,571 ERROR: MQTT connection error: [Errno 11001] getaddrinfo failed
2026-04-15 17:46:31,430 INFO: Log data:[{'device_id': 0, 'air_flow': 0.0, 'Battery': 100, 'Signal': 'N/A', 'time': datetime.datetime(2026, 4, 15, 17, 46, 29, 445839)}]
2026-04-15 17:46:31,587 ERROR: MQTT connection error: [Errno 11001] getaddrinfo failed
2026-04-15 17:46:41,452 WARNING: Message missing device_id: {'cpu_percent': '0.0%', 'cpu_temp_c': '49.7°„C', 'memory_mb': '20.0', 'system_memory_percent': '64.2%', 'thread_count': 9, 'uptime': '00:41:11'}
2026-04-15 17:46:41,596 ERROR: MQTT connection error: [Errno 11001] getaddrinfo failed
2026-04-15 17:46:51,599 ERROR: MQTT connection error: [Errno 11001] getaddrinfo failed
2026-04-15 17:47:01,426 INFO: Log data:[{'device_id': 0, 'air_flow': 0.0, 'Battery': 100, 'Signal': 'N/A', 'time': datetime.datetime(2026, 4, 15, 17, 46, 59, 441807)}]
2026-04-15 17:47:01,608 ERROR: MQTT connection error: [Errno 11001] getaddrinfo failed
2026-04-15 17:47:11,612 ERROR: MQTT connection error: [Errno 11001] getaddrinfo failed
2026-04-15 17:47:21,625 ERROR: MQTT connection error: [Errno 11001] getaddrinfo failed
2026-04-15 17:47:31,418 INFO: Log data:[{'device_id': 0, 'air_flow': 0.0, 'Battery': 100, 'Signal': 'N/A', 'time': datetime.datetime(2026, 4, 15, 17, 47, 29, 452816)}]
2026-04-15 17:47:31,640 ERROR: MQTT connection error: [Errno 11001] getaddrinfo failed
2026-04-15 17:47:41,453 WARNING: Message missing device_id: {'cpu_percent': '9.9%', 'cpu_temp_c': '49.7°„C', 'memory_mb': '20.0', 'system_memory_percent': '64.2%', 'thread_count': 9, 'uptime': '00:42:12'}
2026-04-15 17:47:41,644 ERROR: MQTT connection error: [Errno 11001] getaddrinfo failed
2026-04-15 17:47:51,666 ERROR: MQTT connection error: [Errno 11001] getaddrinfo failed
2026-04-15 17:48:01,422 INFO: Log data:[{'device_id': 0, 'air_flow': 0.0, 'Battery': 100, 'Signal': 'N/A', 'time': datetime.datetime(2026, 4, 15, 17, 47, 59, 452422)}]
2026-04-15 17:48:01,677 ERROR: MQTT connection error: [Errno 11001] getaddrinfo failed
2026-04-15 17:48:11,681 ERROR: MQTT connection error: [Errno 11001] getaddrinfo failed
2026-04-15 17:48:21,683 ERROR: MQTT connection error: [Errno 11001] getaddrinfo failed
2026-04-15 17:48:31,416 INFO: Log data:[{'device_id': 0, 'air_flow': 0.0, 'Battery': 100, 'Signal': 'N/A', 'time': datetime.datetime(2026, 4, 15, 17, 48, 29, 463440)}]
2026-04-15 17:48:31,702 ERROR: MQTT connection error: [Errno 11001] getaddrinfo failed
2026-04-15 17:48:41,716 ERROR: MQTT connection error: [Errno 11001] getaddrinfo failed
2026-04-15 17:48:43,468 WARNING: Message missing device_id: {'cpu_percent': '0.0%', 'cpu_temp_c': '50.1°„C', 'memory_mb': '20.0', 'system_memory_percent': '64.3%', 'thread_count': 9, 'uptime': '00:43:12'}
2026-04-15 17:48:51,728 ERROR: MQTT connection error: [Errno 11001] getaddrinfo failed
2026-04-15 17:49:01,430 INFO: Log data:[{'device_id': 0, 'air_flow': 0.0, 'Battery': 100, 'Signal': 'N/A', 'time': datetime.datetime(2026, 4, 15, 17, 48, 59, 470685)}]
2026-04-15 17:49:01,745 ERROR: MQTT connection error: [Errno 11001] getaddrinfo failed
2026-04-15 17:49:11,761 ERROR: MQTT connection error: [Errno 11001] getaddrinfo failed
2026-04-15 17:49:21,778 ERROR: MQTT connection error: [Errno 11001] getaddrinfo failed
2026-04-15 17:49:31,428 INFO: Log data:[{'device_id': 0, 'air_flow': 0.0, 'Battery': 100, 'Signal': 'N/A', 'time': datetime.datetime(2026, 4, 15, 17, 49, 29, 478499)}]
2026-04-15 17:49:31,793 ERROR: MQTT connection error: [Errno 11001] getaddrinfo failed
2026-04-15 17:49:41,808 ERROR: MQTT connection error: [Errno 11001] getaddrinfo failed
2026-04-15 17:49:43,472 WARNING: Message missing device_id: {'cpu_percent': '0.0%', 'cpu_temp_c': '49.2°„C', 'memory_mb': '20.0', 'system_memory_percent': '64.4%', 'thread_count': 9, 'uptime': '00:44:12'}
2026-04-15 17:49:51,836 ERROR: MQTT connection error: [Errno 11001] getaddrinfo failed
2026-04-15 17:50:01,419 INFO: Log data:[{'device_id': 0, 'air_flow': 0.0, 'Battery': 100, 'Signal': 'N/A', 'time': datetime.datetime(2026, 4, 15, 17, 49, 59, 469591)}]
2026-04-15 17:50:01,845 ERROR: MQTT connection error: [Errno 11001] getaddrinfo failed
2026-04-15 17:50:11,847 ERROR: MQTT connection error: [Errno 11001] getaddrinfo failed
2026-04-15 17:53:06,246 INFO: Start logging
2026-04-15 17:53:08,577 ERROR: MQTT connection error: [Errno 11001] getaddrinfo failed
2026-04-15 17:53:08,578 INFO: MQTT connected to 10.10.1.6:8086
2026-04-15 17:53:18,585 ERROR: MQTT connection error: [Errno 11001] getaddrinfo failed
2026-04-15 17:53:28,588 ERROR: MQTT connection error: [Errno 11001] getaddrinfo failed
2026-04-15 17:53:51,870 INFO: Start logging
2026-04-15 17:53:53,992 ERROR: MQTT connection error: [Errno 11001] getaddrinfo failed
2026-04-15 17:53:53,997 INFO: MQTT connected to 10.10.1.6:8086
2026-04-15 17:54:04,006 ERROR: MQTT connection error: [Errno 11001] getaddrinfo failed
2026-04-15 17:54:14,020 ERROR: MQTT connection error: [Errno 11001] getaddrinfo failed
2026-04-15 17:54:23,980 INFO: Log data:[{'device_id': 0, 'air_flow': 0.0, 'Battery': 100, 'Signal': 'N/A', 'time': datetime.datetime(2026, 4, 15, 17, 54, 21, 983977)}]
2026-04-15 17:54:24,033 ERROR: MQTT connection error: [Errno 11001] getaddrinfo failed
2026-04-15 17:54:34,045 ERROR: MQTT connection error: [Errno 11001] getaddrinfo failed
2026-04-15 17:54:44,027 WARNING: Message missing device_id: {'cpu_percent': '9.9%', 'cpu_temp_c': '49.7°„C', 'memory_mb': '20.0', 'system_memory_percent': '64.4%', 'thread_count': 9, 'uptime': '00:49:14'}
2026-04-15 17:54:44,059 ERROR: MQTT connection error: [Errno 11001] getaddrinfo failed
2026-04-15 17:54:53,996 INFO: Log data:[{'device_id': 0, 'air_flow': 0.0, 'Battery': 100, 'Signal': 'N/A', 'time': datetime.datetime(2026, 4, 15, 17, 54, 51, 984168)}]
2026-04-15 17:54:54,072 ERROR: MQTT connection error: [Errno 11001] getaddrinfo failed
2026-04-15 17:55:04,076 ERROR: MQTT connection error: [Errno 11001] getaddrinfo failed
2026-04-15 17:55:14,083 ERROR: MQTT connection error: [Errno 11001] getaddrinfo failed
2026-04-15 17:56:34,390 INFO: Start logging
2026-04-15 17:56:35,801 ERROR: MQTT connection error: [Errno 11001] getaddrinfo failed
2026-04-15 17:56:35,810 INFO: MQTT connected to 10.10.1.6:8086
2026-04-15 17:56:55,332 INFO: Start logging
2026-04-15 17:56:57,309 ERROR: MQTT connection error: [Errno 11001] getaddrinfo failed
2026-04-15 17:56:57,314 INFO: MQTT connected to 10.10.1.6:8086
2026-04-15 17:57:22,336 INFO: Start logging
2026-04-15 17:57:24,385 ERROR: MQTT connection error: [Errno 11001] getaddrinfo failed
2026-04-15 17:57:24,387 INFO: MQTT connected to 10.10.1.6:8086
2026-04-15 17:57:35,464 INFO: Start logging
2026-04-15 17:57:37,165 ERROR: MQTT connection error: [Errno 11001] getaddrinfo failed
2026-04-15 17:57:37,167 INFO: MQTT connected to 10.10.1.6:8086
2026-04-15 17:57:45,158 WARNING: Message missing device_id: {'cpu_percent': '0.0%', 'cpu_temp_c': '49.2°„C', 'memory_mb': '20.0', 'system_memory_percent': '64.4%', 'thread_count': 9, 'uptime': '00:52:14'}
2026-04-15 17:57:47,173 ERROR: MQTT connection error: [Errno 11001] getaddrinfo failed
2026-04-15 17:57:57,188 ERROR: MQTT connection error: [Errno 11001] getaddrinfo failed
2026-04-15 17:59:45,208 INFO: Start logging
2026-04-15 17:59:47,226 ERROR: MQTT connection error: [Errno 11001] getaddrinfo failed
2026-04-15 17:59:47,227 INFO: MQTT connected to 210.3.137.13:8086
2026-04-15 17:59:57,229 ERROR: MQTT connection error: [Errno 11001] getaddrinfo failed
2026-04-15 18:01:46,372 INFO: Start logging
2026-04-15 18:01:48,401 INFO: MQTT connected to 10.10.1.6:8086
2026-04-15 18:01:48,427 INFO: MQTT connected to 10.10.1.6:8086
2026-04-15 18:05:37,809 INFO: Start logging
2026-04-15 18:05:39,858 INFO: MQTT [public] connected to 210.3.137.13:8086
2026-04-15 18:05:39,858 INFO: MQTT [private] connected to 10.10.1.6:8086
2026-04-15 18:05:45,849 WARNING: Message missing device_id: {'cpu_percent': '0.0%', 'cpu_temp_c': '49.2°„C', 'memory_mb': '20.0', 'system_memory_percent': '64.4%', 'thread_count': 9, 'uptime': '01:00:17'}
2026-04-15 18:05:45,849 WARNING: Message missing device_id: {'cpu_percent': '0.0%', 'cpu_temp_c': '49.2°„C', 'memory_mb': '20.0', 'system_memory_percent': '64.4%', 'thread_count': 9, 'uptime': '01:00:17'}
2026-04-15 18:06:09,849 INFO: Log data:[{'device_id': 0, 'air_flow': 0.0, 'Battery': 100, 'Signal': 'N/A', 'time': datetime.datetime(2026, 4, 15, 18, 6, 7, 853539)}]
2026-04-15 18:06:28,749 INFO: Start logging
2026-04-15 18:06:30,525 INFO: MQTT [public] connected to 210.3.137.13:8086
2026-04-15 18:06:35,526 ERROR: MQTT [private] connection error: timed out
2026-04-15 18:07:27,121 INFO: Start logging
2026-04-15 18:07:29,014 INFO: MQTT [private] connected to 10.10.1.6:8086
2026-04-15 18:07:29,015 INFO: MQTT [public] connected to 210.3.137.13:8086
2026-04-15 18:07:47,013 WARNING: Message missing device_id: {'cpu_percent': '0.0%', 'cpu_temp_c': '49.7°„C', 'memory_mb': '20.0', 'system_memory_percent': '64.3%', 'thread_count': 9, 'uptime': '01:02:17'}
2026-04-15 18:07:47,013 WARNING: Message missing device_id: {'cpu_percent': '0.0%', 'cpu_temp_c': '49.7°„C', 'memory_mb': '20.0', 'system_memory_percent': '64.3%', 'thread_count': 9, 'uptime': '01:02:17'}
2026-04-15 18:07:59,009 INFO: Log data:[{'device_id': 0, 'air_flow': 0.0, 'Battery': 100, 'Signal': 'N/A', 'time': datetime.datetime(2026, 4, 15, 18, 7, 57, 12015)}]
2026-04-15 18:08:28,999 INFO: Log data:[{'device_id': 0, 'air_flow': 0.0, 'Battery': 100, 'Signal': 'N/A', 'time': datetime.datetime(2026, 4, 15, 18, 8, 27, 1868)}]
2026-04-15 18:08:47,004 WARNING: Message missing device_id: {'cpu_percent': '0.0%', 'cpu_temp_c': '48.7°„C', 'memory_mb': '20.0', 'system_memory_percent': '64.4%', 'thread_count': 9, 'uptime': '01:03:18'}
2026-04-15 18:08:47,005 WARNING: Message missing device_id: {'cpu_percent': '0.0%', 'cpu_temp_c': '48.7°„C', 'memory_mb': '20.0', 'system_memory_percent': '64.4%', 'thread_count': 9, 'uptime': '01:03:18'}
2026-04-15 18:08:58,999 INFO: Log data:[{'device_id': 0, 'air_flow': 0.0, 'Battery': 100, 'Signal': 'N/A', 'time': datetime.datetime(2026, 4, 15, 18, 8, 57, 12650)}]
2026-04-15 18:09:29,001 INFO: Log data:[{'device_id': 0, 'air_flow': 0.0, 'Battery': 100, 'Signal': 'N/A', 'time': datetime.datetime(2026, 4, 15, 18, 9, 27, 4897)}]
2026-04-15 18:10:06,978 INFO: Start logging
2026-04-15 18:10:09,008 INFO: MQTT [public] connected to 210.3.137.13:8086
2026-04-15 18:10:09,009 INFO: MQTT [private] connected to 10.10.1.6:8086
2026-04-15 18:10:24,833 INFO: Start logging
2026-04-15 18:10:26,652 INFO: MQTT [private] connected to 10.10.1.6:8086
2026-04-15 18:10:26,652 INFO: MQTT [public] connected to 210.3.137.13:8086
2026-04-16 08:58:34,263 INFO: Start logging
2026-04-16 08:58:39,298 INFO: MQTT [public] connected to 210.3.137.13:8086
2026-04-16 08:58:39,299 INFO: MQTT [private] connected to 10.10.1.6:8086
2026-04-16 08:59:09,238 INFO: Log data:[]
2026-04-16 09:03:31,259 WARNING: Message missing device_id: {'cpu_percent': '0.0%', 'cpu_temp_c': '47.2°„C', 'memory_mb': '19.9', 'system_memory_percent': '59.5%', 'thread_count': 9, 'uptime': '00:00:00'}
2026-04-16 09:03:31,260 WARNING: Message missing device_id: {'cpu_percent': '0.0%', 'cpu_temp_c': '47.2°„C', 'memory_mb': '19.9', 'system_memory_percent': '59.5%', 'thread_count': 9, 'uptime': '00:00:00'}
2026-04-16 09:03:39,248 INFO: Log data:[{'device_id': 0, 'air_flow': 0.0, 'Battery': 100, 'Signal': 'N/A', 'time': datetime.datetime(2026, 4, 16, 9, 3, 37, 256735)}]
2026-04-16 09:04:09,250 INFO: Log data:[{'device_id': 0, 'air_flow': 0.0, 'Battery': 100, 'Signal': 'N/A', 'time': datetime.datetime(2026, 4, 16, 9, 4, 7, 257038)}]
2026-04-16 09:04:31,266 WARNING: Message missing device_id: {'cpu_percent': '0.0%', 'cpu_temp_c': '45.8°„C', 'memory_mb': '19.9', 'system_memory_percent': '58.7%', 'thread_count': 9, 'uptime': '00:01:00'}
2026-04-16 09:04:31,266 WARNING: Message missing device_id: {'cpu_percent': '0.0%', 'cpu_temp_c': '45.8°„C', 'memory_mb': '19.9', 'system_memory_percent': '58.7%', 'thread_count': 9, 'uptime': '00:01:00'}
2026-04-16 09:04:39,245 INFO: Log data:[{'device_id': 0, 'air_flow': 0.0, 'Battery': 100, 'Signal': 'N/A', 'time': datetime.datetime(2026, 4, 16, 9, 4, 37, 253222)}]
2026-04-16 09:05:09,251 INFO: Log data:[{'device_id': 0, 'air_flow': 0.0, 'Battery': 100, 'Signal': 'N/A', 'time': datetime.datetime(2026, 4, 16, 9, 5, 7, 251862)}]
2026-04-16 09:05:31,272 WARNING: Message missing device_id: {'cpu_percent': '0.0%', 'cpu_temp_c': '45.3°„C', 'memory_mb': '19.9', 'system_memory_percent': '58.9%', 'thread_count': 9, 'uptime': '00:02:00'}
2026-04-16 09:05:31,272 WARNING: Message missing device_id: {'cpu_percent': '0.0%', 'cpu_temp_c': '45.3°„C', 'memory_mb': '19.9', 'system_memory_percent': '58.9%', 'thread_count': 9, 'uptime': '00:02:00'}
2026-04-16 09:05:39,239 INFO: Log data:[{'device_id': 0, 'air_flow': 0.0, 'Battery': 100, 'Signal': 'N/A', 'time': datetime.datetime(2026, 4, 16, 9, 5, 37, 268945)}]
2026-04-16 09:06:09,249 INFO: Log data:[{'device_id': 0, 'air_flow': 0.0, 'Battery': 100, 'Signal': 'N/A', 'time': datetime.datetime(2026, 4, 16, 9, 6, 7, 267005)}]
2026-04-16 09:06:31,284 WARNING: Message missing device_id: {'cpu_percent': '10.0%', 'cpu_temp_c': '46.3°„C', 'memory_mb': '19.9', 'system_memory_percent': '59.0%', 'thread_count': 9, 'uptime': '00:03:00'}
2026-04-16 09:06:31,284 WARNING: Message missing device_id: {'cpu_percent': '10.0%', 'cpu_temp_c': '46.3°„C', 'memory_mb': '19.9', 'system_memory_percent': '59.0%', 'thread_count': 9, 'uptime': '00:03:00'}
2026-04-16 09:06:39,249 INFO: Log data:[{'device_id': 0, 'air_flow': 0.0, 'Battery': 100, 'Signal': 'N/A', 'time': datetime.datetime(2026, 4, 16, 9, 6, 37, 282617)}]
2026-04-16 09:07:09,237 INFO: Log data:[{'device_id': 0, 'air_flow': 0.0, 'Battery': 100, 'Signal': 'N/A', 'time': datetime.datetime(2026, 4, 16, 9, 7, 7, 288623)}]
2026-04-16 09:07:33,297 WARNING: Message missing device_id: {'cpu_percent': '0.0%', 'cpu_temp_c': '45.8°„C', 'memory_mb': '19.9', 'system_memory_percent': '59.1%', 'thread_count': 9, 'uptime': '00:04:01'}
2026-04-16 09:07:33,297 WARNING: Message missing device_id: {'cpu_percent': '0.0%', 'cpu_temp_c': '45.8°„C', 'memory_mb': '19.9', 'system_memory_percent': '59.1%', 'thread_count': 9, 'uptime': '00:04:01'}
2026-04-16 09:07:39,245 INFO: Log data:[{'device_id': 0, 'air_flow': 0.0, 'Battery': 100, 'Signal': 'N/A', 'time': datetime.datetime(2026, 4, 16, 9, 7, 37, 286493)}]
2026-04-16 09:09:17,677 INFO: Start logging
2026-04-16 09:09:21,285 INFO: MQTT [private] connected to 10.10.1.6:8086
2026-04-16 09:09:21,285 INFO: MQTT [public] connected to 210.3.137.13:8086
2026-04-16 09:09:33,270 WARNING: Message missing device_id: {'cpu_percent': '10.0%', 'cpu_temp_c': '47.7°„C', 'memory_mb': '19.9', 'system_memory_percent': '59.1%', 'thread_count': 9, 'uptime': '00:06:01'}
2026-04-16 09:09:33,270 WARNING: Message missing device_id: {'cpu_percent': '10.0%', 'cpu_temp_c': '47.7°„C', 'memory_mb': '19.9', 'system_memory_percent': '59.1%', 'thread_count': 9, 'uptime': '00:06:01'}
2026-04-16 09:09:51,256 INFO: Log data:[{'device_id': 0, 'air_flow': 0.0, 'Battery': 100, 'Signal': 'N/A', 'time': datetime.datetime(2026, 4, 16, 9, 9, 49, 283039)}]
2026-04-16 09:19:34,457 INFO: Start logging
2026-04-16 09:19:36,726 INFO: MQTT [private] connected to 10.10.1.6:8086
2026-04-16 09:19:41,723 ERROR: MQTT [public] connection error: timed out
2026-04-16 09:19:56,739 ERROR: MQTT [public] connection error: timed out
2026-04-16 09:23:02,020 INFO: Start logging
2026-04-16 09:23:03,977 INFO: MQTT [private] connected to 10.10.1.6:8086
2026-04-16 09:23:08,952 ERROR: MQTT [public] connection error: timed out
2026-04-16 09:23:56,816 INFO: Start logging
2026-04-16 09:23:58,768 INFO: MQTT [private] connected to 10.10.1.6:8086
2026-04-16 09:24:03,759 ERROR: MQTT [public] connection error: timed out
2026-04-16 09:24:18,551 INFO: Start logging
2026-04-16 09:24:20,233 INFO: MQTT [private] connected to 10.10.1.6:8086
2026-04-16 09:24:25,243 ERROR: MQTT [public] connection error: timed out
2026-04-16 09:27:45,057 INFO: Start logging
2026-04-16 09:27:46,979 INFO: MQTT [private] connected to 10.10.1.6:8086
2026-04-16 09:27:51,967 ERROR: MQTT [public] connection error: timed out
2026-04-16 09:28:28,183 INFO: Start logging
2026-04-16 09:28:30,099 INFO: MQTT [private] connected to 10.10.1.6:8086
2026-04-16 09:28:35,082 ERROR: MQTT [public] connection error: timed out
2026-04-16 09:28:38,049 WARNING: Message missing device_id: {'cpu_percent': '0.0%', 'cpu_temp_c': '48.7°„C', 'memory_mb': '19.9', 'system_memory_percent': '59.6%', 'thread_count': 9, 'uptime': '00:25:07'}
2026-04-16 09:29:00,627 INFO: Start logging
2026-04-16 09:29:07,725 ERROR: MQTT [public] connection error: timed out
2026-04-16 09:29:07,726 ERROR: MQTT [private] connection error: timed out
2026-04-16 09:29:31,895 INFO: Start logging
2026-04-16 09:29:38,401 ERROR: MQTT [public] connection error: timed out
2026-04-16 09:29:38,588 ERROR: MQTT [private] connection error: timed out
2026-04-16 09:30:09,008 INFO: Start logging
2026-04-16 09:30:16,065 ERROR: MQTT [private] connection error: timed out
2026-04-16 09:30:16,068 ERROR: MQTT [public] connection error: timed out
2026-04-16 09:30:34,333 INFO: Start logging
2026-04-16 09:30:42,067 ERROR: MQTT [private] connection error: timed out
2026-04-16 09:30:42,067 ERROR: MQTT [public] connection error: timed out
2026-04-16 09:30:57,090 ERROR: MQTT [public] connection error: timed out
2026-04-16 09:30:57,090 ERROR: MQTT [private] connection error: timed out
2026-04-16 09:31:07,054 INFO: Log data:[]
2026-04-16 09:31:12,116 ERROR: MQTT [private] connection error: timed out
2026-04-16 09:31:12,116 ERROR: MQTT [public] connection error: timed out
2026-04-16 09:31:31,287 INFO: Start logging
2026-04-16 09:31:33,312 INFO: MQTT [private] connected to 10.10.1.6:8086
2026-04-16 09:31:33,336 INFO: MQTT [public] connected to 10.10.1.6:8086
2026-04-16 09:31:39,299 WARNING: Message missing device_id: {'cpu_percent': '0.0%', 'cpu_temp_c': '48.2°„C', 'memory_mb': '19.9', 'system_memory_percent': '59.6%', 'thread_count': 9, 'uptime': '00:28:08'}
2026-04-16 09:31:39,300 WARNING: Message missing device_id: {'cpu_percent': '0.0%', 'cpu_temp_c': '48.2°„C', 'memory_mb': '19.9', 'system_memory_percent': '59.6%', 'thread_count': 9, 'uptime': '00:28:08'}
2026-04-16 09:31:55,637 INFO: Start logging
2026-04-16 09:31:57,520 INFO: MQTT [public] connected to 10.10.1.6:8086
2026-04-16 09:31:57,520 INFO: MQTT [private] connected to 10.10.1.6:8086
2026-04-16 09:32:27,502 INFO: Log data:[{'device_id': 0, 'air_flow': 0.0, 'Battery': 100, 'Signal': 'N/A', 'time': datetime.datetime(2026, 4, 16, 9, 32, 25, 515699)}]
2026-04-16 09:32:39,505 WARNING: Message missing device_id: {'cpu_percent': '0.0%', 'cpu_temp_c': '48.2°„C', 'memory_mb': '19.9', 'system_memory_percent': '59.7%', 'thread_count': 9, 'uptime': '00:29:08'}
2026-04-16 09:32:39,505 WARNING: Message missing device_id: {'cpu_percent': '0.0%', 'cpu_temp_c': '48.2°„C', 'memory_mb': '19.9', 'system_memory_percent': '59.7%', 'thread_count': 9, 'uptime': '00:29:08'}
2026-04-16 09:32:57,509 INFO: Log data:[{'device_id': 0, 'air_flow': 0.0, 'Battery': 100, 'Signal': 'N/A', 'time': datetime.datetime(2026, 4, 16, 9, 32, 55, 514831)}]
2026-04-16 09:37:50,971 INFO: Start logging
2026-04-16 09:37:52,849 INFO: MQTT [private] connected to 10.10.1.6:8086
2026-04-16 09:37:52,849 INFO: MQTT [public] connected to 10.10.1.6:8086
2026-04-16 09:39:27,400 INFO: Start logging
2026-04-16 09:39:29,357 INFO: MQTT [public] connected to 10.10.1.6:8086
2026-04-16 09:39:29,357 INFO: MQTT [private] connected to 10.10.1.6:8086
2026-04-16 09:39:46,005 INFO: Start logging
2026-04-16 09:39:47,727 INFO: MQTT [private] connected to 10.10.1.6:8086
2026-04-16 09:39:47,729 INFO: MQTT [public] connected to 10.10.1.6:8086
2026-04-16 09:40:04,132 INFO: Start logging
2026-04-16 09:40:05,920 INFO: MQTT [private] connected to 10.10.1.6:8086
2026-04-16 09:40:05,920 INFO: MQTT [public] connected to 10.10.1.6:8086
2026-04-16 09:40:35,909 INFO: Log data:[{'device_id': 0, 'air_flow': 0.0, 'Battery': 100, 'Signal': 'N/A', 'time': datetime.datetime(2026, 4, 16, 9, 40, 33, 918994)}]
2026-04-16 09:40:40,911 INFO: Start logging
2026-04-16 09:40:42,551 INFO: MQTT [public] connected to 10.10.1.6:8086
2026-04-16 09:40:42,551 INFO: MQTT [private] connected to 10.10.1.6:8086
2026-04-16 09:41:33,620 INFO: Start logging
2026-04-16 09:41:35,515 INFO: MQTT [private] connected to 10.10.1.6:8086
2026-04-16 09:41:35,515 INFO: MQTT [public] connected to 10.10.1.6:8086
2026-04-16 09:41:41,498 WARNING: Message missing device_id: {'cpu_percent': '9.9%', 'cpu_temp_c': '49.2°„C', 'memory_mb': '19.9', 'system_memory_percent': '59.7%', 'thread_count': 9, 'uptime': '00:38:10'}
2026-04-16 09:41:41,498 WARNING: Message missing device_id: {'cpu_percent': '9.9%', 'cpu_temp_c': '49.2°„C', 'memory_mb': '19.9', 'system_memory_percent': '59.7%', 'thread_count': 9, 'uptime': '00:38:10'}
2026-04-16 09:42:05,497 INFO: Log data:[{'device_id': 0, 'air_flow': 0.0, 'Battery': 100, 'Signal': 'N/A', 'time': datetime.datetime(2026, 4, 16, 9, 42, 3, 490302)}]
2026-04-16 09:46:48,213 INFO: Start logging
2026-04-16 09:46:50,035 INFO: MQTT [public] connected to 10.10.1.6:8086
2026-04-16 09:46:50,035 INFO: MQTT [private] connected to 10.10.1.6:8086
2026-04-16 09:47:20,026 INFO: Log data:[{'device_id': 0, 'air_flow': 0.0, 'Battery': 100, 'Signal': 'N/A', 'time': datetime.datetime(2026, 4, 16, 9, 47, 18, 56996)}]
2026-04-16 09:47:40,071 WARNING: Message missing device_id: {'cpu_percent': '0.0%', 'cpu_temp_c': '50.6°„C', 'memory_mb': '19.9', 'system_memory_percent': '60.9%', 'thread_count': 9, 'uptime': '00:01:00'}
2026-04-16 09:47:40,072 WARNING: Message missing device_id: {'cpu_percent': '0.0%', 'cpu_temp_c': '50.6°„C', 'memory_mb': '19.9', 'system_memory_percent': '60.9%', 'thread_count': 9, 'uptime': '00:01:00'}
2026-04-16 09:48:41,688 INFO: Start logging
2026-04-16 09:48:43,469 INFO: MQTT [private] connected to 10.10.1.6:8086
2026-04-16 09:48:43,492 INFO: MQTT [public] connected to 10.10.1.6:8086
2026-04-16 11:24:59,250 INFO: Start logging
2026-04-16 11:25:03,166 INFO: MQTT [private] connected to 192.168.1.123:1883
2026-04-16 11:25:03,178 INFO: MQTT [public] connected to 10.10.1.6:8086
2026-04-16 11:25:15,138 WARNING: Message missing device_id: {'cpu_percent': '0.0%', 'cpu_temp_c': '50.6°„C', 'memory_mb': '20.0', 'system_memory_percent': '62.4%', 'thread_count': 9, 'uptime': '00:02:00'}
2026-04-16 11:42:35,520 INFO: Start logging
2026-04-16 11:42:37,563 INFO: MQTT [public] connected to 10.10.1.6:8086
2026-04-16 11:42:37,634 INFO: MQTT [private] connected to 192.168.1.123:1883
2026-04-16 11:43:07,559 INFO: Log data:[{'device_id': 0, 'air_flow': 0.0, 'Battery': 100, 'Signal': 'N/A', 'time': datetime.datetime(2026, 4, 16, 11, 43, 5, 551852)}]
2026-04-16 11:43:19,558 WARNING: Message missing device_id: {'cpu_percent': '0.0%', 'cpu_temp_c': '50.1°„C', 'memory_mb': '20.0', 'system_memory_percent': '62.6%', 'thread_count': 9, 'uptime': '00:20:05'}
2026-04-16 11:43:37,554 INFO: Log data:[{'device_id': 0, 'air_flow': 0.0, 'Battery': 100, 'Signal': 'N/A', 'time': datetime.datetime(2026, 4, 16, 11, 43, 35, 555837)}, {'device_id': 1, 'air_humidity': 'Error', 'Battery': 0, 'Signal': 'N/A', 'time': datetime.datetime(2026, 4, 16, 11, 43, 35, 555837), 'air_temperature': 'Error', 'gas_pm2.5': 'Error', 'water_level': 'Error', 'gas_o2': 'Error', 'gas_co2': 'Error', 'gas_co': 'Error', 'gas_h2s': 'Error', 'gas_ch4': 'Error', 'gas_ex': 'Error'}]
2026-04-16 11:44:07,550 INFO: Log data:[{'device_id': 0, 'air_flow': 0.0, 'Battery': 100, 'Signal': 'N/A', 'time': datetime.datetime(2026, 4, 16, 11, 44, 5, 550463)}, {'device_id': 1, 'air_humidity': 'Error', 'Battery': 0, 'Signal': 'N/A', 'time': datetime.datetime(2026, 4, 16, 11, 44, 5, 550463), 'air_temperature': 'Error', 'gas_pm2.5': 'Error', 'water_level': 'Error', 'gas_o2': 'Error', 'gas_co2': 'Error', 'gas_co': 'Error', 'gas_h2s': 'Error', 'gas_ch4': 'Error', 'gas_ex': 'Error'}]
2026-04-16 11:44:21,555 WARNING: Message missing device_id: {'cpu_percent': '0.0%', 'cpu_temp_c': '50.6°„C', 'memory_mb': '20.0', 'system_memory_percent': '62.6%', 'thread_count': 9, 'uptime': '00:21:06'}
2026-04-16 11:44:37,552 INFO: Log data:[{'device_id': 0, 'air_flow': 0.0, 'Battery': 100, 'Signal': 'N/A', 'time': datetime.datetime(2026, 4, 16, 11, 44, 35, 554076)}, {'device_id': 1, 'air_humidity': 'Error', 'Battery': 0, 'Signal': 'N/A', 'time': datetime.datetime(2026, 4, 16, 11, 44, 35, 554076), 'air_temperature': 'Error', 'gas_pm2.5': 'Error', 'water_level': 'Error', 'gas_o2': 'Error', 'gas_co2': 'Error', 'gas_co': 'Error', 'gas_h2s': 'Error', 'gas_ch4': 'Error', 'gas_ex': 'Error'}]
2026-04-16 11:45:07,550 INFO: Log data:[{'device_id': 0, 'air_flow': 0.0, 'Battery': 100, 'Signal': 'N/A', 'time': datetime.datetime(2026, 4, 16, 11, 45, 5, 558154)}, {'device_id': 1, 'air_humidity': 'Error', 'Battery': 0, 'Signal': 'N/A', 'time': datetime.datetime(2026, 4, 16, 11, 45, 5, 558154), 'air_temperature': 'Error', 'gas_pm2.5': 'Error', 'water_level': 'Error', 'gas_o2': 'Error', 'gas_co2': 'Error', 'gas_co': 'Error', 'gas_h2s': 'Error', 'gas_ch4': 'Error', 'gas_ex': 'Error'}]
2026-04-16 11:45:21,563 WARNING: Message missing device_id: {'cpu_percent': '9.8%', 'cpu_temp_c': '50.1°„C', 'memory_mb': '20.0', 'system_memory_percent': '62.7%', 'thread_count': 9, 'uptime': '00:22:06'}
2026-04-16 11:45:37,556 INFO: Log data:[{'device_id': 0, 'air_flow': 0.0, 'Battery': 100, 'Signal': 'N/A', 'time': datetime.datetime(2026, 4, 16, 11, 45, 35, 566721)}, {'device_id': 1, 'air_humidity': 'Error', 'Battery': 0, 'Signal': 'N/A', 'time': datetime.datetime(2026, 4, 16, 11, 45, 35, 566721), 'air_temperature': 'Error', 'gas_pm2.5': 'Error', 'water_level': 'Error', 'gas_o2': 'Error', 'gas_co2': 'Error', 'gas_co': 'Error', 'gas_h2s': 'Error', 'gas_ch4': 'Error', 'gas_ex': 'Error'}]
2026-04-16 11:46:07,559 INFO: Log data:[{'device_id': 0, 'air_flow': 0.0, 'Battery': 100, 'Signal': 'N/A', 'time': datetime.datetime(2026, 4, 16, 11, 46, 5, 571537)}, {'device_id': 1, 'air_humidity': 'Error', 'Battery': 0, 'Signal': 'N/A', 'time': datetime.datetime(2026, 4, 16, 11, 46, 5, 571537), 'air_temperature': 'Error', 'gas_pm2.5': 'Error', 'water_level': 'Error', 'gas_o2': 'Error', 'gas_co2': 'Error', 'gas_co': 'Error', 'gas_h2s': 'Error', 'gas_ch4': 'Error', 'gas_ex': 'Error'}]
2026-04-16 11:46:21,578 WARNING: Message missing device_id: {'cpu_percent': '9.4%', 'cpu_temp_c': '49.7°„C', 'memory_mb': '20.0', 'system_memory_percent': '62.7%', 'thread_count': 9, 'uptime': '00:23:07'}
2026-04-16 11:46:37,557 INFO: Log data:[{'device_id': 0, 'air_flow': 0.0, 'Battery': 100, 'Signal': 'N/A', 'time': datetime.datetime(2026, 4, 16, 11, 46, 35, 567393)}, {'device_id': 1, 'air_humidity': 'Error', 'Battery': 0, 'Signal': 'N/A', 'time': datetime.datetime(2026, 4, 16, 11, 46, 35, 567393), 'air_temperature': 'Error', 'gas_pm2.5': 'Error', 'water_level': 'Error', 'gas_o2': 'Error', 'gas_co2': 'Error', 'gas_co': 'Error', 'gas_h2s': 'Error', 'gas_ch4': 'Error', 'gas_ex': 'Error'}]
2026-04-16 11:47:07,559 INFO: Log data:[{'device_id': 0, 'air_flow': 0.0, 'Battery': 100, 'Signal': 'N/A', 'time': datetime.datetime(2026, 4, 16, 11, 47, 5, 578616)}, {'device_id': 1, 'air_humidity': 'Error', 'Battery': 0, 'Signal': 'N/A', 'time': datetime.datetime(2026, 4, 16, 11, 47, 5, 578616), 'air_temperature': 'Error', 'gas_pm2.5': 'Error', 'water_level': 'Error', 'gas_o2': 'Error', 'gas_co2': 'Error', 'gas_co': 'Error', 'gas_h2s': 'Error', 'gas_ch4': 'Error', 'gas_ex': 'Error'}]
2026-04-16 11:47:21,579 WARNING: Message missing device_id: {'cpu_percent': '9.8%', 'cpu_temp_c': '49.7°„C', 'memory_mb': '20.0', 'system_memory_percent': '62.7%', 'thread_count': 9, 'uptime': '00:24:07'}
2026-04-16 11:47:37,561 INFO: Log data:[{'device_id': 0, 'air_flow': 0.0, 'Battery': 100, 'Signal': 'N/A', 'time': datetime.datetime(2026, 4, 16, 11, 47, 35, 581519)}, {'device_id': 1, 'air_humidity': 'Error', 'Battery': 0, 'Signal': 'N/A', 'time': datetime.datetime(2026, 4, 16, 11, 47, 35, 581519), 'air_temperature': 'Error', 'gas_pm2.5': 'Error', 'water_level': 'Error', 'gas_o2': 'Error', 'gas_co2': 'Error', 'gas_co': 'Error', 'gas_h2s': 'Error', 'gas_ch4': 'Error', 'gas_ex': 'Error'}]
2026-04-16 11:48:07,551 INFO: Log data:[{'device_id': 0, 'air_flow': 0.0, 'Battery': 100, 'Signal': 'N/A', 'time': datetime.datetime(2026, 4, 16, 11, 48, 5, 593091)}, {'device_id': 1, 'air_humidity': 'Error', 'Battery': 0, 'Signal': 'N/A', 'time': datetime.datetime(2026, 4, 16, 11, 48, 5, 593091), 'air_temperature': 'Error', 'gas_pm2.5': 'Error', 'water_level': 'Error', 'gas_o2': 'Error', 'gas_co2': 'Error', 'gas_co': 'Error', 'gas_h2s': 'Error', 'gas_ch4': 'Error', 'gas_ex': 'Error'}]
2026-04-16 11:48:21,585 WARNING: Message missing device_id: {'cpu_percent': '9.8%', 'cpu_temp_c': '50.1°„C', 'memory_mb': '20.0', 'system_memory_percent': '62.7%', 'thread_count': 9, 'uptime': '00:25:08'}
2026-04-16 11:48:37,552 INFO: Log data:[{'device_id': 0, 'air_flow': 0.0, 'Battery': 100, 'Signal': 'N/A', 'time': datetime.datetime(2026, 4, 16, 11, 48, 35, 590023)}, {'device_id': 1, 'air_humidity': 'Error', 'Battery': 0, 'Signal': 'N/A', 'time': datetime.datetime(2026, 4, 16, 11, 48, 35, 590023), 'air_temperature': 'Error', 'gas_pm2.5': 'Error', 'water_level': 'Error', 'gas_o2': 'Error', 'gas_co2': 'Error', 'gas_co': 'Error', 'gas_h2s': 'Error', 'gas_ch4': 'Error', 'gas_ex': 'Error'}]
2026-04-16 11:49:07,555 INFO: Log data:[{'device_id': 0, 'air_flow': 0.0, 'Battery': 100, 'Signal': 'N/A', 'time': datetime.datetime(2026, 4, 16, 11, 49, 5, 597137)}, {'device_id': 1, 'air_humidity': 'Error', 'Battery': 0, 'Signal': 'N/A', 'time': datetime.datetime(2026, 4, 16, 11, 49, 5, 597137), 'air_temperature': 'Error', 'gas_pm2.5': 'Error', 'water_level': 'Error', 'gas_o2': 'Error', 'gas_co2': 'Error', 'gas_co': 'Error', 'gas_h2s': 'Error', 'gas_ch4': 'Error', 'gas_ex': 'Error'}]
2026-04-16 11:49:23,606 WARNING: Message missing device_id: {'cpu_percent': '9.5%', 'cpu_temp_c': '48.7°„C', 'memory_mb': '20.0', 'system_memory_percent': '62.7%', 'thread_count': 9, 'uptime': '00:26:08'}
2026-04-16 11:49:37,553 INFO: Log data:[{'device_id': 0, 'air_flow': 0.0, 'Battery': 100, 'Signal': 'N/A', 'time': datetime.datetime(2026, 4, 16, 11, 49, 35, 608132)}, {'device_id': 1, 'air_humidity': 'Error', 'Battery': 0, 'Signal': 'N/A', 'time': datetime.datetime(2026, 4, 16, 11, 49, 35, 608132), 'air_temperature': 'Error', 'gas_pm2.5': 'Error', 'water_level': 'Error', 'gas_o2': 'Error', 'gas_co2': 'Error', 'gas_co': 'Error', 'gas_h2s': 'Error', 'gas_ch4': 'Error', 'gas_ex': 'Error'}]
2026-04-16 11:50:07,555 INFO: Log data:[{'device_id': 0, 'air_flow': 0.0, 'Battery': 100, 'Signal': 'N/A', 'time': datetime.datetime(2026, 4, 16, 11, 50, 5, 598405)}, {'device_id': 1, 'air_humidity': 'Error', 'Battery': 0, 'Signal': 'N/A', 'time': datetime.datetime(2026, 4, 16, 11, 50, 5, 598405), 'air_temperature': 'Error', 'gas_pm2.5': 'Error', 'water_level': 'Error', 'gas_o2': 'Error', 'gas_co2': 'Error', 'gas_co': 'Error', 'gas_h2s': 'Error', 'gas_ch4': 'Error', 'gas_ex': 'Error'}]
2026-04-16 11:50:23,606 WARNING: Message missing device_id: {'cpu_percent': '9.9%', 'cpu_temp_c': '49.7°„C', 'memory_mb': '20.0', 'system_memory_percent': '62.7%', 'thread_count': 9, 'uptime': '00:27:09'}
2026-04-16 11:50:37,553 INFO: Log data:[{'device_id': 0, 'air_flow': 0.0, 'Battery': 100, 'Signal': 'N/A', 'time': datetime.datetime(2026, 4, 16, 11, 50, 35, 615802)}, {'device_id': 1, 'air_humidity': 'Error', 'Battery': 0, 'Signal': 'N/A', 'time': datetime.datetime(2026, 4, 16, 11, 50, 35, 615802), 'air_temperature': 'Error', 'gas_pm2.5': 'Error', 'water_level': 'Error', 'gas_o2': 'Error', 'gas_co2': 'Error', 'gas_co': 'Error', 'gas_h2s': 'Error', 'gas_ch4': 'Error', 'gas_ex': 'Error'}]
2026-04-16 11:51:07,560 INFO: Log data:[{'device_id': 0, 'air_flow': 0.0, 'Battery': 100, 'Signal': 'N/A', 'time': datetime.datetime(2026, 4, 16, 11, 51, 5, 614241)}, {'device_id': 1, 'air_humidity': 'Error', 'Battery': 0, 'Signal': 'N/A', 'time': datetime.datetime(2026, 4, 16, 11, 51, 5, 614241), 'air_temperature': 'Error', 'gas_pm2.5': 'Error', 'water_level': 'Error', 'gas_o2': 'Error', 'gas_co2': 'Error', 'gas_co': 'Error', 'gas_h2s': 'Error', 'gas_ch4': 'Error', 'gas_ex': 'Error'}]
2026-04-16 11:51:23,613 WARNING: Message missing device_id: {'cpu_percent': '9.9%', 'cpu_temp_c': '50.1°„C', 'memory_mb': '20.0', 'system_memory_percent': '62.8%', 'thread_count': 9, 'uptime': '00:28:09'}
2026-04-16 11:51:37,559 INFO: Log data:[{'device_id': 0, 'air_flow': 0.0, 'Battery': 100, 'Signal': 'N/A', 'time': datetime.datetime(2026, 4, 16, 11, 51, 35, 620289)}, {'device_id': 1, 'air_humidity': 'Error', 'Battery': 0, 'Signal': 'N/A', 'time': datetime.datetime(2026, 4, 16, 11, 51, 35, 620289), 'air_temperature': 'Error', 'gas_pm2.5': 'Error', 'water_level': 'Error', 'gas_o2': 'Error', 'gas_co2': 'Error', 'gas_co': 'Error', 'gas_h2s': 'Error', 'gas_ch4': 'Error', 'gas_ex': 'Error'}]
2026-04-16 11:52:07,565 INFO: Log data:[{'device_id': 0, 'air_flow': 0.0, 'Battery': 100, 'Signal': 'N/A', 'time': datetime.datetime(2026, 4, 16, 11, 52, 5, 621435)}, {'device_id': 1, 'air_humidity': 'Error', 'Battery': 0, 'Signal': 'N/A', 'time': datetime.datetime(2026, 4, 16, 11, 52, 5, 621435), 'air_temperature': 'Error', 'gas_pm2.5': 'Error', 'water_level': 'Error', 'gas_o2': 'Error', 'gas_co2': 'Error', 'gas_co': 'Error', 'gas_h2s': 'Error', 'gas_ch4': 'Error', 'gas_ex': 'Error'}]
2026-04-16 11:52:23,620 WARNING: Message missing device_id: {'cpu_percent': '19.9%', 'cpu_temp_c': '50.6°„C', 'memory_mb': '20.0', 'system_memory_percent': '62.8%', 'thread_count': 9, 'uptime': '00:29:10'}
2026-04-16 11:52:37,550 INFO: Log data:[{'device_id': 0, 'air_flow': 0.0, 'Battery': 100, 'Signal': 'N/A', 'time': datetime.datetime(2026, 4, 16, 11, 52, 35, 618236)}, {'device_id': 1, 'air_humidity': 'Error', 'Battery': 0, 'Signal': 'N/A', 'time': datetime.datetime(2026, 4, 16, 11, 52, 35, 618236), 'air_temperature': 'Error', 'gas_pm2.5': 'Error', 'water_level': 'Error', 'gas_o2': 'Error', 'gas_co2': 'Error', 'gas_co': 'Error', 'gas_h2s': 'Error', 'gas_ch4': 'Error', 'gas_ex': 'Error'}]
2026-04-16 11:53:07,548 INFO: Log data:[{'device_id': 0, 'air_flow': 0.0, 'Battery': 100, 'Signal': 'N/A', 'time': datetime.datetime(2026, 4, 16, 11, 53, 5, 625126)}, {'device_id': 1, 'air_humidity': 'Error', 'Battery': 0, 'Signal': 'N/A', 'time': datetime.datetime(2026, 4, 16, 11, 53, 5, 625126), 'air_temperature': 'Error', 'gas_pm2.5': 'Error', 'water_level': 'Error', 'gas_o2': 'Error', 'gas_co2': 'Error', 'gas_co': 'Error', 'gas_h2s': 'Error', 'gas_ch4': 'Error', 'gas_ex': 'Error'}]
2026-04-16 11:53:25,622 WARNING: Message missing device_id: {'cpu_percent': '9.9%', 'cpu_temp_c': '49.7°„C', 'memory_mb': '20.0', 'system_memory_percent': '62.7%', 'thread_count': 9, 'uptime': '00:30:10'}
2026-04-16 11:53:37,559 INFO: Log data:[{'device_id': 0, 'air_flow': 0.0, 'Battery': 100, 'Signal': 'N/A', 'time': datetime.datetime(2026, 4, 16, 11, 53, 35, 613017)}, {'device_id': 1, 'air_humidity': 'Error', 'Battery': 80, 'Signal': 'N/A', 'time': datetime.datetime(2026, 4, 16, 11, 53, 35, 613017), 'air_temperature': 'Error', 'gas_pm2.5': 'Error', 'water_level': 'Error', 'gas_o2': 'Error', 'gas_co2': 'Error', 'gas_co': 'Error', 'gas_h2s': 'Error', 'gas_ch4': 'Error', 'gas_ex': 'Error'}]
2026-04-16 11:54:07,551 INFO: Log data:[{'device_id': 0, 'air_flow': 0.0, 'Battery': 100, 'Signal': 'N/A', 'time': datetime.datetime(2026, 4, 16, 11, 54, 5, 613694)}, {'device_id': 1, 'air_humidity': 'Error', 'Battery': 80, 'Signal': 'N/A', 'time': datetime.datetime(2026, 4, 16, 11, 54, 5, 613694), 'air_temperature': 'Error', 'gas_pm2.5': 'Error', 'water_level': 'Error', 'gas_o2': 'Error', 'gas_co2': 'Error', 'gas_co': 'Error', 'gas_h2s': 'Error', 'gas_ch4': 'Error', 'gas_ex': 'Error'}]
2026-04-16 11:54:25,623 WARNING: Message missing device_id: {'cpu_percent': '0.0%', 'cpu_temp_c': '56.0°„C', 'memory_mb': '20.0', 'system_memory_percent': '67.1%', 'thread_count': 9, 'uptime': '00:31:11'}
2026-04-16 11:54:37,561 INFO: Log data:[{'device_id': 0, 'air_flow': 0.0, 'Battery': 100, 'Signal': 'N/A', 'time': datetime.datetime(2026, 4, 16, 11, 54, 35, 639083)}, {'device_id': 1, 'air_humidity': 'Error', 'Battery': 80, 'Signal': 'N/A', 'time': datetime.datetime(2026, 4, 16, 11, 54, 35, 639083), 'air_temperature': 'Error', 'gas_pm2.5': 'Error', 'water_level': 'Error', 'gas_o2': 'Error', 'gas_co2': 'Error', 'gas_co': 'Error', 'gas_h2s': 'Error', 'gas_ch4': 'Error', 'gas_ex': 'Error'}]
2026-04-16 11:55:07,552 INFO: Log data:[{'device_id': 0, 'air_flow': 0.0, 'Battery': 100, 'Signal': 'N/A', 'time': datetime.datetime(2026, 4, 16, 11, 54, 49, 640702)}, {'device_id': 1, 'air_humidity': 'Error', 'Battery': 80, 'Signal': 'N/A', 'time': datetime.datetime(2026, 4, 16, 11, 54, 49, 640702), 'air_temperature': 'Error', 'gas_pm2.5': 'Error', 'water_level': 'Error', 'gas_o2': 'Error', 'gas_co2': 'Error', 'gas_co': 'Error', 'gas_h2s': 'Error', 'gas_ch4': 'Error', 'gas_ex': 'Error'}]
2026-04-16 11:56:03,576 INFO: Start logging
2026-04-16 11:56:05,545 INFO: MQTT [public] connected to 10.10.1.6:8086
2026-04-16 11:56:05,551 INFO: MQTT [private] connected to 192.168.1.123:1883
2026-04-16 11:56:35,535 INFO: Log data:[]
2026-04-16 12:02:41,589 WARNING: Message missing device_id: {'cpu_percent': '0.0%', 'cpu_temp_c': '55.5°„C', 'memory_mb': '22.1', 'system_memory_percent': '64.5%', 'thread_count': 10, 'uptime': '00:00:00'}
2026-04-16 12:03:05,536 INFO: Log data:[{'device_id': 0, 'air_flow': 0.0, 'Battery': 100, 'Signal': 'N/A', 'time': datetime.datetime(2026, 4, 16, 12, 3, 3, 582175)}]
2026-04-16 12:03:11,580 WARNING: Message missing device_id: {'cpu_percent': '0.0%', 'cpu_temp_c': '52.1°„C', 'memory_mb': '22.1', 'system_memory_percent': '64.8%', 'thread_count': 10, 'uptime': '00:00:30'}
2026-04-16 12:03:35,542 INFO: Log data:[{'device_id': 0, 'air_flow': 0.0, 'Battery': 100, 'Signal': 'N/A', 'time': datetime.datetime(2026, 4, 16, 12, 3, 33, 589467)}, {'device_id': 1, 'air_humidity': 'Error', 'Battery': 80, 'Signal': 'N/A', 'time': datetime.datetime(2026, 4, 16, 12, 3, 33, 589467), 'air_temperature': 'Error', 'gas_pm2.5': 'Error', 'water_level': 'Error', 'gas_o2': 'Error', 'gas_co2': 'Error', 'gas_co': 'Error', 'gas_h2s': 'Error', 'gas_ch4': 'Error', 'gas_ex': 'Error'}]
2026-04-16 12:03:43,587 WARNING: Message missing device_id: {'cpu_percent': '0.0%', 'cpu_temp_c': '54.5°„C', 'memory_mb': '19.9', 'system_memory_percent': '66.1%', 'thread_count': 10, 'uptime': '00:00:00'}
2026-04-16 12:04:05,545 INFO: Log data:[{'device_id': 0, 'air_flow': 0.0, 'Battery': 100, 'Signal': 'N/A', 'time': datetime.datetime(2026, 4, 16, 12, 4, 3, 606231)}, {'device_id': 1, 'air_humidity': 'Error', 'Battery': 80, 'Signal': 'N/A', 'time': datetime.datetime(2026, 4, 16, 12, 3, 39, 580316), 'air_temperature': 'Error', 'gas_pm2.5': 'Error', 'water_level': 'Error', 'gas_o2': 'Error', 'gas_co2': 'Error', 'gas_co': 'Error', 'gas_h2s': 'Error', 'gas_ch4': 'Error', 'gas_ex': 'Error'}]
2026-04-16 12:04:13,600 WARNING: Message missing device_id: {'cpu_percent': '0.0%', 'cpu_temp_c': '53.1°„C', 'memory_mb': '19.9', 'system_memory_percent': '63.9%', 'thread_count': 10, 'uptime': '00:00:30'}
2026-04-16 12:04:35,541 INFO: Log data:[{'device_id': 0, 'air_flow': 0.0, 'Battery': 100, 'Signal': 'N/A', 'time': datetime.datetime(2026, 4, 16, 12, 4, 33, 620009)}, {'device_id': 1, 'air_humidity': 'Error', 'Battery': 80, 'Signal': 'N/A', 'time': datetime.datetime(2026, 4, 16, 12, 4, 33, 620009), 'air_temperature': 'Error', 'gas_pm2.5': 'Error', 'water_level': 'Error', 'gas_o2': 'Error', 'gas_co2': 'Error', 'gas_co': 'Error', 'gas_h2s': 'Error', 'gas_ch4': 'Error', 'gas_ex': 'Error'}]
2026-04-16 12:04:45,879 WARNING: Message missing device_id: {'cpu_percent': '10.0%', 'cpu_temp_c': '52.1°„C', 'memory_mb': '19.9', 'system_memory_percent': '64.0%', 'thread_count': 10, 'uptime': '00:01:01'}
2026-04-16 12:05:05,545 INFO: Log data:[{'device_id': 0, 'air_flow': 0.0, 'Battery': 100, 'Signal': 'N/A', 'time': datetime.datetime(2026, 4, 16, 12, 5, 3, 621499)}, {'device_id': 1, 'air_humidity': 'Error', 'Battery': 80, 'Signal': 'N/A', 'time': datetime.datetime(2026, 4, 16, 12, 5, 3, 621499), 'air_temperature': 'Error', 'gas_pm2.5': 'Error', 'water_level': 'Error', 'gas_o2': 'Error', 'gas_co2': 'Error', 'gas_co': 'Error', 'gas_h2s': 'Error', 'gas_ch4': 'Error', 'gas_ex': 'Error'}]
2026-04-16 12:05:15,873 WARNING: Message missing device_id: {'cpu_percent': '0.0%', 'cpu_temp_c': '53.1°„C', 'memory_mb': '19.9', 'system_memory_percent': '64.6%', 'thread_count': 10, 'uptime': '00:01:32'}
2026-04-16 12:05:35,535 INFO: Log data:[{'device_id': 0, 'air_flow': 0.0, 'Battery': 100, 'Signal': 'N/A', 'time': datetime.datetime(2026, 4, 16, 12, 5, 33, 640279)}, {'device_id': 1, 'air_humidity': 'Error', 'Battery': 80, 'Signal': 'N/A', 'time': datetime.datetime(2026, 4, 16, 12, 5, 33, 640279), 'air_temperature': 'Error', 'gas_pm2.5': 'Error', 'water_level': 'Error', 'gas_o2': 'Error', 'gas_co2': 'Error', 'gas_co': 'Error', 'gas_h2s': 'Error', 'gas_ch4': 'Error', 'gas_ex': 'Error'}]
2026-04-16 12:05:47,632 WARNING: Message missing device_id: {'cpu_percent': '0.0%', 'cpu_temp_c': '51.1°„C', 'memory_mb': '19.9', 'system_memory_percent': '65.2%', 'thread_count': 10, 'uptime': '00:02:03'}
2026-04-16 12:06:05,546 INFO: Log data:[{'device_id': 0, 'air_flow': 0.0, 'Battery': 100, 'Signal': 'N/A', 'time': datetime.datetime(2026, 4, 16, 12, 6, 3, 630762)}, {'device_id': 1, 'air_humidity': 'Error', 'Battery': 80, 'Signal': 'N/A', 'time': datetime.datetime(2026, 4, 16, 12, 6, 3, 630762), 'air_temperature': 'Error', 'gas_pm2.5': 'Error', 'water_level': 'Error', 'gas_o2': 'Error', 'gas_co2': 'Error', 'gas_co': 'Error', 'gas_h2s': 'Error', 'gas_ch4': 'Error', 'gas_ex': 'Error'}]
2026-04-16 12:06:21,636 WARNING: Message missing device_id: {'cpu_percent': '10.0%', 'cpu_temp_c': '53.6°„C', 'memory_mb': '19.9', 'system_memory_percent': '67.7%', 'thread_count': 11, 'uptime': '00:00:00'}
2026-04-16 12:06:35,541 INFO: Log data:[{'device_id': 0, 'air_flow': 0.0, 'Battery': 100, 'Signal': 'N/A', 'time': datetime.datetime(2026, 4, 16, 12, 6, 33, 630560)}, {'device_id': 1, 'air_humidity': 'Error', 'Battery': 80, 'Signal': 'N/A', 'time': datetime.datetime(2026, 4, 16, 12, 6, 9, 630864), 'air_temperature': 'Error', 'gas_pm2.5': 'Error', 'water_level': 'Error', 'gas_o2': 'Error', 'gas_co2': 'Error', 'gas_co': 'Error', 'gas_h2s': 'Error', 'gas_ch4': 'Error', 'gas_ex': 'Error'}]
2026-04-16 12:06:51,627 WARNING: Message missing device_id: {'cpu_percent': '0.0%', 'cpu_temp_c': '51.6°„C', 'memory_mb': '19.9', 'system_memory_percent': '65.0%', 'thread_count': 10, 'uptime': '00:00:30'}
2026-04-16 12:07:05,546 INFO: Log data:[{'device_id': 0, 'air_flow': 0.0, 'Battery': 100, 'Signal': 'N/A', 'time': datetime.datetime(2026, 4, 16, 12, 7, 3, 637077)}, {'device_id': 1, 'air_humidity': '-', 'Battery': '-', 'Signal': '-', 'time': datetime.datetime(2026, 4, 16, 12, 6, 9, 630864), 'air_temperature': '-', 'gas_pm2.5': '-', 'water_level': '-', 'gas_o2': '-', 'gas_co2': '-', 'gas_co': '-', 'gas_h2s': '-', 'gas_ch4': '-', 'gas_ex': '-'}]
2026-04-16 12:07:21,640 WARNING: Message missing device_id: {'cpu_percent': '0.0%', 'cpu_temp_c': '51.6°„C', 'memory_mb': '19.9', 'system_memory_percent': '65.0%', 'thread_count': 11, 'uptime': '00:01:01'}
2026-04-16 12:07:35,535 INFO: Log data:[{'device_id': 0, 'air_flow': 0.0, 'Battery': 100, 'Signal': 'N/A', 'time': datetime.datetime(2026, 4, 16, 12, 7, 33, 641913)}, {'device_id': 1, 'air_humidity': 'Error', 'Battery': 80, 'Signal': 'N/A', 'time': datetime.datetime(2026, 4, 16, 12, 7, 33, 641913), 'air_temperature': 'Error', 'gas_pm2.5': 'Error', 'water_level': 'Error', 'gas_o2': 'Error', 'gas_co2': 'Error', 'gas_co': 'Error', 'gas_h2s': 'Error', 'gas_ch4': 'Error', 'gas_ex': 'Error'}]
2026-04-16 12:07:53,629 WARNING: Message missing device_id: {'cpu_percent': '0.0%', 'cpu_temp_c': '51.1°„C', 'memory_mb': '20.0', 'system_memory_percent': '65.0%', 'thread_count': 10, 'uptime': '00:01:32'}
2026-04-16 12:08:05,535 INFO: Log data:[{'device_id': 0, 'air_flow': 0.0, 'Battery': 100, 'Signal': 'N/A', 'time': datetime.datetime(2026, 4, 16, 12, 8, 3, 626723)}, {'device_id': 1, 'air_humidity': 'Error', 'Battery': 80, 'Signal': 'N/A', 'time': datetime.datetime(2026, 4, 16, 12, 8, 3, 626723), 'air_temperature': 'Error', 'gas_pm2.5': 'Error', 'water_level': 'Error', 'gas_o2': 'Error', 'gas_co2': 'Error', 'gas_co': 'Error', 'gas_h2s': 'Error', 'gas_ch4': 'Error', 'gas_ex': 'Error'}]
2026-04-16 12:08:23,627 WARNING: Message missing device_id: {'cpu_percent': '0.0%', 'cpu_temp_c': '53.1°„C', 'memory_mb': '20.0', 'system_memory_percent': '65.0%', 'thread_count': 11, 'uptime': '00:02:03'}
2026-04-16 12:08:35,546 INFO: Log data:[{'device_id': 0, 'air_flow': 0.0, 'Battery': 100, 'Signal': 'N/A', 'time': datetime.datetime(2026, 4, 16, 12, 8, 33, 640938)}, {'device_id': 1, 'air_humidity': 'Error', 'Battery': 80, 'Signal': 'N/A', 'time': datetime.datetime(2026, 4, 16, 12, 8, 33, 640938), 'air_temperature': 'Error', 'gas_pm2.5': 'Error', 'water_level': 'Error', 'gas_o2': 'Error', 'gas_co2': 'Error', 'gas_co': 'Error', 'gas_h2s': 'Error', 'gas_ch4': 'Error', 'gas_ex': 'Error'}]
2026-04-16 12:08:53,628 WARNING: Message missing device_id: {'cpu_percent': '0.0%', 'cpu_temp_c': '52.6°„C', 'memory_mb': '20.0', 'system_memory_percent': '65.0%', 'thread_count': 10, 'uptime': '00:02:34'}
2026-04-16 12:09:05,533 INFO: Log data:[{'device_id': 0, 'air_flow': 0.0, 'Battery': 100, 'Signal': 'N/A', 'time': datetime.datetime(2026, 4, 16, 12, 9, 3, 631449)}, {'device_id': 1, 'air_humidity': 'Error', 'Battery': 80, 'Signal': 'N/A', 'time': datetime.datetime(2026, 4, 16, 12, 9, 3, 631449), 'air_temperature': 'Error', 'gas_pm2.5': 'Error', 'water_level': 'Error', 'gas_o2': 'Error', 'gas_co2': 'Error', 'gas_co': 'Error', 'gas_h2s': 'Error', 'gas_ch4': 'Error', 'gas_ex': 'Error'}]
2026-04-16 12:09:25,914 WARNING: Message missing device_id: {'cpu_percent': '0.0%', 'cpu_temp_c': '53.1°„C', 'memory_mb': '20.0', 'system_memory_percent': '65.0%', 'thread_count': 11, 'uptime': '00:03:04'}
2026-04-16 12:09:35,543 INFO: Log data:[{'device_id': 0, 'air_flow': 0.0, 'Battery': 100, 'Signal': 'N/A', 'time': datetime.datetime(2026, 4, 16, 12, 9, 33, 643161)}, {'device_id': 1, 'air_humidity': 'Error', 'Battery': 80, 'Signal': 'N/A', 'time': datetime.datetime(2026, 4, 16, 12, 9, 33, 643161), 'air_temperature': 'Error', 'gas_pm2.5': 'Error', 'water_level': 'Error', 'gas_o2': 'Error', 'gas_co2': 'Error', 'gas_co': 'Error', 'gas_h2s': 'Error', 'gas_ch4': 'Error', 'gas_ex': 'Error'}]
2026-04-16 12:09:55,917 WARNING: Message missing device_id: {'cpu_percent': '10.0%', 'cpu_temp_c': '51.6°„C', 'memory_mb': '20.0', 'system_memory_percent': '65.1%', 'thread_count': 10, 'uptime': '00:03:35'}
2026-04-16 12:10:05,543 INFO: Log data:[{'device_id': 0, 'air_flow': 0.0, 'Battery': 100, 'Signal': 'N/A', 'time': datetime.datetime(2026, 4, 16, 12, 10, 1, 654627)}, {'device_id': 1, 'air_humidity': 'Error', 'Battery': 80, 'Signal': 'N/A', 'time': datetime.datetime(2026, 4, 16, 12, 10, 3, 645998), 'air_temperature': 'Error', 'gas_pm2.5': 'Error', 'water_level': 'Error', 'gas_o2': 'Error', 'gas_co2': 'Error', 'gas_co': 'Error', 'gas_h2s': 'Error', 'gas_ch4': 'Error', 'gas_ex': 'Error'}]
2026-04-16 12:10:35,533 INFO: Log data:[{'device_id': 0, 'air_flow': 0.0, 'Battery': 100, 'Signal': 'N/A', 'time': datetime.datetime(2026, 4, 16, 12, 10, 21, 642998)}, {'device_id': 1, 'air_humidity': 'Error', 'Battery': 80, 'Signal': 'N/A', 'time': datetime.datetime(2026, 4, 16, 12, 10, 21, 642998), 'air_temperature': 'Error', 'gas_pm2.5': 'Error', 'water_level': 'Error', 'gas_o2': 'Error', 'gas_co2': 'Error', 'gas_co': 'Error', 'gas_h2s': 'Error', 'gas_ch4': 'Error', 'gas_ex': 'Error'}]
2026-04-16 12:10:49,654 WARNING: Message missing device_id: {'cpu_percent': '0.0%', 'cpu_temp_c': '53.1°„C', 'memory_mb': '21.8', 'system_memory_percent': '65.1%', 'thread_count': 11, 'uptime': '00:00:00'}
2026-04-16 12:11:05,537 INFO: Log data:[{'device_id': 0, 'air_flow': 0.0, 'Battery': 100, 'Signal': 'N/A', 'time': datetime.datetime(2026, 4, 16, 12, 11, 3, 664560)}, {'device_id': 1, 'air_humidity': '-', 'Battery': '-', 'Signal': '-', 'time': datetime.datetime(2026, 4, 16, 12, 10, 21, 642998), 'air_temperature': '-', 'gas_pm2.5': '-', 'water_level': '-', 'gas_o2': '-', 'gas_co2': '-', 'gas_co': '-', 'gas_h2s': '-', 'gas_ch4': '-', 'gas_ex': '-'}]
2026-04-16 12:11:19,661 WARNING: Message missing device_id: {'cpu_percent': '0.0%', 'cpu_temp_c': '53.1°„C', 'memory_mb': '21.9', 'system_memory_percent': '65.2%', 'thread_count': 11, 'uptime': '00:00:30'}
2026-04-16 12:11:35,536 INFO: Log data:[{'device_id': 0, 'air_flow': 0.0, 'Battery': 100, 'Signal': 'N/A', 'time': datetime.datetime(2026, 4, 16, 12, 11, 33, 666831)}, {'device_id': 1, 'air_humidity': 'Error', 'Battery': 80, 'Signal': 'N/A', 'time': datetime.datetime(2026, 4, 16, 12, 11, 33, 666831), 'air_temperature': 'Error', 'gas_pm2.5': 'Error', 'water_level': 'Error', 'gas_o2': 'Error', 'gas_co2': 'Error', 'gas_co': 'Error', 'gas_h2s': 'Error', 'gas_ch4': 'Error', 'gas_ex': 'Error'}]
2026-04-16 12:11:51,659 WARNING: Message missing device_id: {'cpu_percent': '0.0%', 'cpu_temp_c': '52.1°„C', 'memory_mb': '21.9', 'system_memory_percent': '65.3%', 'thread_count': 10, 'uptime': '00:01:02'}
2026-04-16 12:12:05,542 INFO: Log data:[{'device_id': 0, 'air_flow': 0.0, 'Battery': 100, 'Signal': 'N/A', 'time': datetime.datetime(2026, 4, 16, 12, 12, 3, 660245)}, {'device_id': 1, 'air_humidity': 'Error', 'Battery': 80, 'Signal': 'N/A', 'time': datetime.datetime(2026, 4, 16, 12, 12, 3, 660245), 'air_temperature': 'Error', 'gas_pm2.5': 'Error', 'water_level': 'Error', 'gas_o2': 'Error', 'gas_co2': 'Error', 'gas_co': 'Error', 'gas_h2s': 'Error', 'gas_ch4': 'Error', 'gas_ex': 'Error'}]
2026-04-16 12:12:21,683 WARNING: Message missing device_id: {'cpu_percent': '0.0%', 'cpu_temp_c': '52.1°„C', 'memory_mb': '21.9', 'system_memory_percent': '65.3%', 'thread_count': 11, 'uptime': '00:01:33'}
2026-04-16 12:12:35,544 INFO: Log data:[{'device_id': 0, 'air_flow': 0.0, 'Battery': 100, 'Signal': 'N/A', 'time': datetime.datetime(2026, 4, 16, 12, 12, 33, 680221)}, {'device_id': 1, 'air_humidity': 'Error', 'Battery': 80, 'Signal': 'N/A', 'time': datetime.datetime(2026, 4, 16, 12, 12, 33, 680221), 'air_temperature': 'Error', 'gas_pm2.5': 'Error', 'water_level': 'Error', 'gas_o2': 'Error', 'gas_co2': 'Error', 'gas_co': 'Error', 'gas_h2s': 'Error', 'gas_ch4': 'Error', 'gas_ex': 'Error'}]
2026-04-16 12:12:51,687 WARNING: Message missing device_id: {'cpu_percent': '0.0%', 'cpu_temp_c': '52.6°„C', 'memory_mb': '21.9', 'system_memory_percent': '65.3%', 'thread_count': 10, 'uptime': '00:02:03'}
2026-04-16 12:13:05,546 INFO: Log data:[{'device_id': 0, 'air_flow': 0.0, 'Battery': 100, 'Signal': 'N/A', 'time': datetime.datetime(2026, 4, 16, 12, 13, 3, 677568)}, {'device_id': 1, 'air_humidity': 'Error', 'Battery': 80, 'Signal': 'N/A', 'time': datetime.datetime(2026, 4, 16, 12, 13, 3, 677568), 'air_temperature': 'Error', 'gas_pm2.5': 'Error', 'water_level': 'Error', 'gas_o2': 'Error', 'gas_co2': 'Error', 'gas_co': 'Error', 'gas_h2s': 'Error', 'gas_ch4': 'Error', 'gas_ex': 'Error'}]
2026-04-16 12:13:23,684 WARNING: Message missing device_id: {'cpu_percent': '0.0%', 'cpu_temp_c': '51.6°„C', 'memory_mb': '21.9', 'system_memory_percent': '65.3%', 'thread_count': 11, 'uptime': '00:02:34'}
2026-04-16 12:13:35,559 INFO: Log data:[{'device_id': 0, 'air_flow': 0.0, 'Battery': 100, 'Signal': 'N/A', 'time': datetime.datetime(2026, 4, 16, 12, 13, 33, 687880)}, {'device_id': 1, 'air_humidity': 'Error', 'Battery': 80, 'Signal': 'N/A', 'time': datetime.datetime(2026, 4, 16, 12, 13, 33, 687880), 'air_temperature': 'Error', 'gas_pm2.5': 'Error', 'water_level': 'Error', 'gas_o2': 'Error', 'gas_co2': 'Error', 'gas_co': 'Error', 'gas_h2s': 'Error', 'gas_ch4': 'Error', 'gas_ex': 'Error'}]
2026-04-16 12:14:05,557 INFO: Log data:[{'device_id': 0, 'air_flow': 0.0, 'Battery': 100, 'Signal': 'N/A', 'time': datetime.datetime(2026, 4, 16, 12, 13, 39, 684828)}, {'device_id': 1, 'air_humidity': 'Error', 'Battery': 80, 'Signal': 'N/A', 'time': datetime.datetime(2026, 4, 16, 12, 13, 39, 684828), 'air_temperature': 'Error', 'gas_pm2.5': 'Error', 'water_level': 'Error', 'gas_o2': 'Error', 'gas_co2': 'Error', 'gas_co': 'Error', 'gas_h2s': 'Error', 'gas_ch4': 'Error', 'gas_ex': 'Error'}]
2026-04-16 12:14:35,550 INFO: Log data:[{'device_id': 0, 'air_flow': '-', 'Battery': '-', 'Signal': '-', 'time': datetime.datetime(2026, 4, 16, 12, 13, 39, 684828)}, {'device_id': 1, 'air_humidity': '-', 'Battery': '-', 'Signal': '-', 'time': datetime.datetime(2026, 4, 16, 12, 13, 39, 684828), 'air_temperature': '-', 'gas_pm2.5': '-', 'water_level': '-', 'gas_o2': '-', 'gas_co2': '-', 'gas_co': '-', 'gas_h2s': '-', 'gas_ch4': '-', 'gas_ex': '-'}]
2026-04-16 13:49:31,862 WARNING: MQTT [private] disconnected rc=7
2026-04-16 13:49:31,863 WARNING: MQTT [public] disconnected rc=7
2026-04-16 14:06:44,145 INFO: MQTT [public] connected to 10.10.1.6:8086
2026-04-16 14:06:44,374 INFO: MQTT [private] connected to 192.168.1.123:1883
2026-04-16 14:33:02,513 WARNING: Message missing device_id: {'cpu_percent': '10.0%', 'cpu_temp_c': '50.6°„C', 'memory_mb': '19.9', 'system_memory_percent': '52.4%', 'thread_count': 10, 'uptime': '00:00:00'}
2026-04-16 14:33:05,581 INFO: Log data:[{'device_id': 0, 'air_flow': 0.0, 'Battery': 100, 'Signal': 'N/A', 'time': datetime.datetime(2026, 4, 16, 14, 33, 4, 510716)}, {'device_id': 1, 'air_humidity': '-', 'Battery': '-', 'Signal': '-', 'time': datetime.datetime(2026, 4, 16, 12, 13, 39, 684828), 'air_temperature': '-', 'gas_pm2.5': '-', 'water_level': '-', 'gas_o2': '-', 'gas_co2': '-', 'gas_co': '-', 'gas_h2s': '-', 'gas_ch4': '-', 'gas_ex': '-'}]
2026-04-16 14:33:34,504 WARNING: Message missing device_id: {'cpu_percent': '0.0%', 'cpu_temp_c': '50.6°„C', 'memory_mb': '19.9', 'system_memory_percent': '49.6%', 'thread_count': 10, 'uptime': '00:00:30'}
2026-04-16 14:33:35,592 INFO: Log data:[{'device_id': 0, 'air_flow': 0.0, 'Battery': 100, 'Signal': 'N/A', 'time': datetime.datetime(2026, 4, 16, 14, 33, 34, 504548)}, {'device_id': 1, 'air_humidity': 'Error', 'Battery': 80, 'Signal': 'N/A', 'time': datetime.datetime(2026, 4, 16, 14, 33, 34, 504548), 'air_temperature': 'Error', 'gas_pm2.5': 'Error', 'water_level': 'Error', 'gas_o2': 'Error', 'gas_co2': 'Error', 'gas_co': 'Error', 'gas_h2s': 'Error', 'gas_ch4': 'Error', 'gas_ex': 'Error'}]
2026-04-16 14:34:04,508 WARNING: Message missing device_id: {'cpu_percent': '10.0%', 'cpu_temp_c': '51.6°„C', 'memory_mb': '19.9', 'system_memory_percent': '49.7%', 'thread_count': 10, 'uptime': '00:01:01'}
2026-04-16 14:34:05,590 INFO: Log data:[{'device_id': 0, 'air_flow': 0.0, 'Battery': 100, 'Signal': 'N/A', 'time': datetime.datetime(2026, 4, 16, 14, 34, 4, 506513)}, {'device_id': 1, 'air_humidity': 'Error', 'Battery': 80, 'Signal': 'N/A', 'time': datetime.datetime(2026, 4, 16, 14, 34, 4, 506513), 'air_temperature': 'Error', 'gas_pm2.5': 'Error', 'water_level': 'Error', 'gas_o2': 'Error', 'gas_co2': 'Error', 'gas_co': 'Error', 'gas_h2s': 'Error', 'gas_ch4': 'Error', 'gas_ex': 'Error'}]
2026-04-16 14:34:35,580 INFO: Log data:[{'device_id': 0, 'air_flow': 0.0, 'Battery': 100, 'Signal': 'N/A', 'time': datetime.datetime(2026, 4, 16, 14, 34, 34, 512501)}, {'device_id': 1, 'air_humidity': 'Error', 'Battery': 80, 'Signal': 'N/A', 'time': datetime.datetime(2026, 4, 16, 14, 34, 34, 512501), 'air_temperature': 'Error', 'gas_pm2.5': 'Error', 'water_level': 'Error', 'gas_o2': 'Error', 'gas_co2': 'Error', 'gas_co': 'Error', 'gas_h2s': 'Error', 'gas_ch4': 'Error', 'gas_ex': 'Error'}]
2026-04-16 14:34:36,504 WARNING: Message missing device_id: {'cpu_percent': '0.0%', 'cpu_temp_c': '51.1°„C', 'memory_mb': '19.9', 'system_memory_percent': '49.8%', 'thread_count': 10, 'uptime': '00:01:32'}
2026-04-16 14:35:05,592 INFO: Log data:[{'device_id': 0, 'air_flow': 0.0, 'Battery': 100, 'Signal': 'N/A', 'time': datetime.datetime(2026, 4, 16, 14, 35, 4, 508022)}, {'device_id': 1, 'air_humidity': 'Error', 'Battery': 80, 'Signal': 'N/A', 'time': datetime.datetime(2026, 4, 16, 14, 35, 4, 508022), 'air_temperature': 'Error', 'gas_pm2.5': 'Error', 'water_level': 'Error', 'gas_o2': 'Error', 'gas_co2': 'Error', 'gas_co': 'Error', 'gas_h2s': 'Error', 'gas_ch4': 'Error', 'gas_ex': 'Error'}]
2026-04-16 14:35:06,510 WARNING: Message missing device_id: {'cpu_percent': '0.0%', 'cpu_temp_c': '51.6°„C', 'memory_mb': '19.9', 'system_memory_percent': '50.0%', 'thread_count': 10, 'uptime': '00:02:03'}
2026-04-16 14:35:35,588 INFO: Log data:[{'device_id': 0, 'air_flow': 0.0, 'Battery': 100, 'Signal': 'N/A', 'time': datetime.datetime(2026, 4, 16, 14, 35, 34, 508683)}, {'device_id': 1, 'air_humidity': 'Error', 'Battery': 80, 'Signal': 'N/A', 'time': datetime.datetime(2026, 4, 16, 14, 35, 34, 508683), 'air_temperature': 'Error', 'gas_pm2.5': 'Error', 'water_level': 'Error', 'gas_o2': 'Error', 'gas_co2': 'Error', 'gas_co': 'Error', 'gas_h2s': 'Error', 'gas_ch4': 'Error', 'gas_ex': 'Error'}]
2026-04-16 14:35:38,506 WARNING: Message missing device_id: {'cpu_percent': '0.0%', 'cpu_temp_c': '51.1°„C', 'memory_mb': '19.9', 'system_memory_percent': '50.0%', 'thread_count': 10, 'uptime': '00:02:34'}
2026-04-16 14:36:05,586 INFO: Log data:[{'device_id': 0, 'air_flow': 0.0, 'Battery': 100, 'Signal': 'N/A', 'time': datetime.datetime(2026, 4, 16, 14, 36, 4, 525187)}, {'device_id': 1, 'air_humidity': 'Error', 'Battery': 80, 'Signal': 'N/A', 'time': datetime.datetime(2026, 4, 16, 14, 36, 4, 525187), 'air_temperature': 'Error', 'gas_pm2.5': 'Error', 'water_level': 'Error', 'gas_o2': 'Error', 'gas_co2': 'Error', 'gas_co': 'Error', 'gas_h2s': 'Error', 'gas_ch4': 'Error', 'gas_ex': 'Error'}]
2026-04-16 14:36:08,528 WARNING: Message missing device_id: {'cpu_percent': '0.0%', 'cpu_temp_c': '51.1°„C', 'memory_mb': '19.9', 'system_memory_percent': '50.0%', 'thread_count': 10, 'uptime': '00:03:05'}
2026-04-16 14:36:35,581 INFO: Log data:[{'device_id': 0, 'air_flow': 0.0, 'Battery': 100, 'Signal': 'N/A', 'time': datetime.datetime(2026, 4, 16, 14, 36, 34, 524116)}, {'device_id': 1, 'air_humidity': 'Error', 'Battery': 80, 'Signal': 'N/A', 'time': datetime.datetime(2026, 4, 16, 14, 36, 34, 524116), 'air_temperature': 'Error', 'gas_pm2.5': 'Error', 'water_level': 'Error', 'gas_o2': 'Error', 'gas_co2': 'Error', 'gas_co': 'Error', 'gas_h2s': 'Error', 'gas_ch4': 'Error', 'gas_ex': 'Error'}]
2026-04-16 14:36:40,521 WARNING: Message missing device_id: {'cpu_percent': '0.0%', 'cpu_temp_c': '51.1°„C', 'memory_mb': '19.9', 'system_memory_percent': '50.1%', 'thread_count': 10, 'uptime': '00:03:36'}
2026-04-16 14:37:05,581 INFO: Log data:[{'device_id': 0, 'air_flow': 0.0, 'Battery': 100, 'Signal': 'N/A', 'time': datetime.datetime(2026, 4, 16, 14, 37, 4, 531032)}, {'device_id': 1, 'air_humidity': 'Error', 'Battery': 80, 'Signal': 'N/A', 'time': datetime.datetime(2026, 4, 16, 14, 37, 4, 531032), 'air_temperature': 'Error', 'gas_pm2.5': 'Error', 'water_level': 'Error', 'gas_o2': 'Error', 'gas_co2': 'Error', 'gas_co': 'Error', 'gas_h2s': 'Error', 'gas_ch4': 'Error', 'gas_ex': 'Error'}]
2026-04-16 14:37:10,520 WARNING: Message missing device_id: {'cpu_percent': '0.0%', 'cpu_temp_c': '51.1°„C', 'memory_mb': '19.9', 'system_memory_percent': '50.1%', 'thread_count': 10, 'uptime': '00:04:07'}
2026-04-16 14:37:35,594 INFO: Log data:[{'device_id': 0, 'air_flow': 0.0, 'Battery': 100, 'Signal': 'N/A', 'time': datetime.datetime(2026, 4, 16, 14, 37, 34, 525530)}, {'device_id': 1, 'air_humidity': 'Error', 'Battery': 80, 'Signal': 'N/A', 'time': datetime.datetime(2026, 4, 16, 14, 37, 34, 525530), 'air_temperature': 'Error', 'gas_pm2.5': 'Error', 'water_level': 'Error', 'gas_o2': 'Error', 'gas_co2': 'Error', 'gas_co': 'Error', 'gas_h2s': 'Error', 'gas_ch4': 'Error', 'gas_ex': 'Error'}]
2026-04-16 14:37:42,519 WARNING: Message missing device_id: {'cpu_percent': '0.0%', 'cpu_temp_c': '51.1°„C', 'memory_mb': '19.9', 'system_memory_percent': '50.1%', 'thread_count': 10, 'uptime': '00:04:38'}
2026-04-16 14:38:05,593 INFO: Log data:[{'device_id': 0, 'air_flow': 0.0, 'Battery': 100, 'Signal': 'N/A', 'time': datetime.datetime(2026, 4, 16, 14, 38, 4, 531526)}, {'device_id': 1, 'air_humidity': 'Error', 'Battery': 80, 'Signal': 'N/A', 'time': datetime.datetime(2026, 4, 16, 14, 38, 4, 531526), 'air_temperature': 'Error', 'gas_pm2.5': 'Error', 'water_level': 'Error', 'gas_o2': 'Error', 'gas_co2': 'Error', 'gas_co': 'Error', 'gas_h2s': 'Error', 'gas_ch4': 'Error', 'gas_ex': 'Error'}]
2026-04-16 14:38:12,521 WARNING: Message missing device_id: {'cpu_percent': '0.0%', 'cpu_temp_c': '51.6°„C', 'memory_mb': '19.9', 'system_memory_percent': '50.1%', 'thread_count': 10, 'uptime': '00:05:09'}
2026-04-16 14:38:35,590 INFO: Log data:[{'device_id': 0, 'air_flow': 0.0, 'Battery': 100, 'Signal': 'N/A', 'time': datetime.datetime(2026, 4, 16, 14, 38, 34, 543345)}, {'device_id': 1, 'air_humidity': 'Error', 'Battery': 80, 'Signal': 'N/A', 'time': datetime.datetime(2026, 4, 16, 14, 38, 34, 543345), 'air_temperature': 'Error', 'gas_pm2.5': 'Error', 'water_level': 'Error', 'gas_o2': 'Error', 'gas_co2': 'Error', 'gas_co': 'Error', 'gas_h2s': 'Error', 'gas_ch4': 'Error', 'gas_ex': 'Error'}]
2026-04-16 14:38:42,555 WARNING: Message missing device_id: {'cpu_percent': '9.9%', 'cpu_temp_c': '51.1°„C', 'memory_mb': '19.9', 'system_memory_percent': '50.1%', 'thread_count': 10, 'uptime': '00:05:40'}
2026-04-16 14:39:05,580 INFO: Log data:[{'device_id': 0, 'air_flow': 0.0, 'Battery': 100, 'Signal': 'N/A', 'time': datetime.datetime(2026, 4, 16, 14, 39, 4, 556240)}, {'device_id': 1, 'air_humidity': 'Error', 'Battery': 80, 'Signal': 'N/A', 'time': datetime.datetime(2026, 4, 16, 14, 39, 4, 556240), 'air_temperature': 'Error', 'gas_pm2.5': 'Error', 'water_level': 'Error', 'gas_o2': 'Error', 'gas_co2': 'Error', 'gas_co': 'Error', 'gas_h2s': 'Error', 'gas_ch4': 'Error', 'gas_ex': 'Error'}]
2026-04-16 14:39:14,563 WARNING: Message missing device_id: {'cpu_percent': '9.9%', 'cpu_temp_c': '51.6°„C', 'memory_mb': '19.9', 'system_memory_percent': '50.1%', 'thread_count': 10, 'uptime': '00:06:11'}
2026-04-16 14:39:35,584 INFO: Log data:[{'device_id': 0, 'air_flow': 0.0, 'Battery': 100, 'Signal': 'N/A', 'time': datetime.datetime(2026, 4, 16, 14, 39, 34, 560135)}, {'device_id': 1, 'air_humidity': 'Error', 'Battery': 80, 'Signal': 'N/A', 'time': datetime.datetime(2026, 4, 16, 14, 39, 34, 560135), 'air_temperature': 'Error', 'gas_pm2.5': 'Error', 'water_level': 'Error', 'gas_o2': 'Error', 'gas_co2': 'Error', 'gas_co': 'Error', 'gas_h2s': 'Error', 'gas_ch4': 'Error', 'gas_ex': 'Error'}]
2026-04-16 14:39:44,549 WARNING: Message missing device_id: {'cpu_percent': '0.0%', 'cpu_temp_c': '52.1°„C', 'memory_mb': '19.9', 'system_memory_percent': '50.2%', 'thread_count': 10, 'uptime': '00:06:42'}
2026-04-16 14:40:05,583 INFO: Log data:[{'device_id': 0, 'air_flow': 0.0, 'Battery': 100, 'Signal': 'N/A', 'time': datetime.datetime(2026, 4, 16, 14, 40, 4, 557970)}, {'device_id': 1, 'air_humidity': 'Error', 'Battery': 80, 'Signal': 'N/A', 'time': datetime.datetime(2026, 4, 16, 14, 40, 4, 557970), 'air_temperature': 'Error', 'gas_pm2.5': 'Error', 'water_level': 'Error', 'gas_o2': 'Error', 'gas_co2': 'Error', 'gas_co': 'Error', 'gas_h2s': 'Error', 'gas_ch4': 'Error', 'gas_ex': 'Error'}]
2026-04-16 14:40:16,555 WARNING: Message missing device_id: {'cpu_percent': '0.0%', 'cpu_temp_c': '51.6°„C', 'memory_mb': '19.9', 'system_memory_percent': '50.3%', 'thread_count': 10, 'uptime': '00:07:12'}
2026-04-16 14:40:35,580 INFO: Log data:[{'device_id': 0, 'air_flow': 0.0, 'Battery': 100, 'Signal': 'N/A', 'time': datetime.datetime(2026, 4, 16, 14, 40, 34, 562124)}, {'device_id': 1, 'air_humidity': 'Error', 'Battery': 80, 'Signal': 'N/A', 'time': datetime.datetime(2026, 4, 16, 14, 40, 34, 562124), 'air_temperature': 'Error', 'gas_pm2.5': 'Error', 'water_level': 'Error', 'gas_o2': 'Error', 'gas_co2': 'Error', 'gas_co': 'Error', 'gas_h2s': 'Error', 'gas_ch4': 'Error', 'gas_ex': 'Error'}]
2026-04-16 14:40:46,556 WARNING: Message missing device_id: {'cpu_percent': '0.0%', 'cpu_temp_c': '51.1°„C', 'memory_mb': '19.9', 'system_memory_percent': '50.4%', 'thread_count': 10, 'uptime': '00:07:44'}
2026-04-16 14:41:05,582 INFO: Log data:[{'device_id': 0, 'air_flow': 0.0, 'Battery': 100, 'Signal': 'N/A', 'time': datetime.datetime(2026, 4, 16, 14, 41, 4, 565446)}, {'device_id': 1, 'air_humidity': 'Error', 'Battery': 80, 'Signal': 'N/A', 'time': datetime.datetime(2026, 4, 16, 14, 41, 2, 574959), 'air_temperature': 'Error', 'gas_pm2.5': 'Error', 'water_level': 'Error', 'gas_o2': 'Error', 'gas_co2': 'Error', 'gas_co': 'Error', 'gas_h2s': 'Error', 'gas_ch4': 'Error', 'gas_ex': 'Error'}]
2026-04-16 14:41:18,577 WARNING: Message missing device_id: {'cpu_percent': '0.0%', 'cpu_temp_c': '50.6°„C', 'memory_mb': '19.9', 'system_memory_percent': '50.2%', 'thread_count': 10, 'uptime': '00:08:14'}
2026-04-16 14:41:35,593 INFO: Log data:[{'device_id': 0, 'air_flow': 0.0, 'Battery': 100, 'Signal': 'N/A', 'time': datetime.datetime(2026, 4, 16, 14, 41, 34, 574610)}, {'device_id': 1, 'air_humidity': 'Error', 'Battery': 80, 'Signal': 'N/A', 'time': datetime.datetime(2026, 4, 16, 14, 41, 34, 574610), 'air_temperature': 'Error', 'gas_pm2.5': 'Error', 'water_level': 'Error', 'gas_o2': 'Error', 'gas_co2': 'Error', 'gas_co': 'Error', 'gas_h2s': 'Error', 'gas_ch4': 'Error', 'gas_ex': 'Error'}]
2026-04-16 14:41:48,575 WARNING: Message missing device_id: {'cpu_percent': '0.0%', 'cpu_temp_c': '51.1°„C', 'memory_mb': '19.9', 'system_memory_percent': '50.4%', 'thread_count': 10, 'uptime': '00:08:45'}
2026-04-16 14:42:05,588 INFO: Log data:[{'device_id': 0, 'air_flow': 0.0, 'Battery': 100, 'Signal': 'N/A', 'time': datetime.datetime(2026, 4, 16, 14, 42, 4, 576388)}, {'device_id': 1, 'air_humidity': 'Error', 'Battery': 80, 'Signal': 'N/A', 'time': datetime.datetime(2026, 4, 16, 14, 42, 4, 576388), 'air_temperature': 'Error', 'gas_pm2.5': 'Error', 'water_level': 'Error', 'gas_o2': 'Error', 'gas_co2': 'Error', 'gas_co': 'Error', 'gas_h2s': 'Error', 'gas_ch4': 'Error', 'gas_ex': 'Error'}]
2026-04-16 14:42:20,582 WARNING: Message missing device_id: {'cpu_percent': '0.0%', 'cpu_temp_c': '52.1°„C', 'memory_mb': '19.9', 'system_memory_percent': '50.4%', 'thread_count': 10, 'uptime': '00:09:16'}
2026-04-16 14:42:35,587 INFO: Log data:[{'device_id': 0, 'air_flow': 0.0, 'Battery': 100, 'Signal': 'N/A', 'time': datetime.datetime(2026, 4, 16, 14, 42, 34, 587767)}, {'device_id': 1, 'air_humidity': 'Error', 'Battery': 80, 'Signal': 'N/A', 'time': datetime.datetime(2026, 4, 16, 14, 42, 34, 587767), 'air_temperature': 'Error', 'gas_pm2.5': 'Error', 'water_level': 'Error', 'gas_o2': 'Error', 'gas_co2': 'Error', 'gas_co': 'Error', 'gas_h2s': 'Error', 'gas_ch4': 'Error', 'gas_ex': 'Error'}]
2026-04-16 14:42:50,590 WARNING: Message missing device_id: {'cpu_percent': '0.0%', 'cpu_temp_c': '51.6°„C', 'memory_mb': '19.9', 'system_memory_percent': '50.3%', 'thread_count': 10, 'uptime': '00:09:47'}
2026-04-16 14:43:05,591 INFO: Log data:[{'device_id': 0, 'air_flow': 0.0, 'Battery': 100, 'Signal': 'N/A', 'time': datetime.datetime(2026, 4, 16, 14, 43, 4, 584883)}, {'device_id': 1, 'air_humidity': 'Error', 'Battery': 80, 'Signal': 'N/A', 'time': datetime.datetime(2026, 4, 16, 14, 43, 4, 584883), 'air_temperature': 'Error', 'gas_pm2.5': 'Error', 'water_level': 'Error', 'gas_o2': 'Error', 'gas_co2': 'Error', 'gas_co': 'Error', 'gas_h2s': 'Error', 'gas_ch4': 'Error', 'gas_ex': 'Error'}]
2026-04-16 14:43:22,592 WARNING: Message missing device_id: {'cpu_percent': '0.0%', 'cpu_temp_c': '51.6°„C', 'memory_mb': '19.9', 'system_memory_percent': '50.4%', 'thread_count': 10, 'uptime': '00:10:18'}
2026-04-16 14:43:35,592 INFO: Log data:[{'device_id': 0, 'air_flow': 0.0, 'Battery': 100, 'Signal': 'N/A', 'time': datetime.datetime(2026, 4, 16, 14, 43, 34, 589799)}, {'device_id': 1, 'air_humidity': 'Error', 'Battery': 80, 'Signal': 'N/A', 'time': datetime.datetime(2026, 4, 16, 14, 43, 34, 589799), 'air_temperature': 'Error', 'gas_pm2.5': 'Error', 'water_level': 'Error', 'gas_o2': 'Error', 'gas_co2': 'Error', 'gas_co': 'Error', 'gas_h2s': 'Error', 'gas_ch4': 'Error', 'gas_ex': 'Error'}]
2026-04-16 14:43:52,581 WARNING: Message missing device_id: {'cpu_percent': '0.0%', 'cpu_temp_c': '51.1°„C', 'memory_mb': '19.9', 'system_memory_percent': '50.4%', 'thread_count': 10, 'uptime': '00:10:49'}
2026-04-16 14:44:05,579 INFO: Log data:[{'device_id': 0, 'air_flow': 0.0, 'Battery': 100, 'Signal': 'N/A', 'time': datetime.datetime(2026, 4, 16, 14, 44, 4, 584481)}, {'device_id': 1, 'air_humidity': 'Error', 'Battery': 80, 'Signal': 'N/A', 'time': datetime.datetime(2026, 4, 16, 14, 44, 4, 584481), 'air_temperature': 'Error', 'gas_pm2.5': 'Error', 'water_level': 'Error', 'gas_o2': 'Error', 'gas_co2': 'Error', 'gas_co': 'Error', 'gas_h2s': 'Error', 'gas_ch4': 'Error', 'gas_ex': 'Error'}]
2026-04-16 14:44:24,581 WARNING: Message missing device_id: {'cpu_percent': '0.0%', 'cpu_temp_c': '51.1°„C', 'memory_mb': '19.9', 'system_memory_percent': '50.5%', 'thread_count': 10, 'uptime': '00:11:21'}
2026-04-16 14:44:35,588 INFO: Log data:[{'device_id': 0, 'air_flow': 0.0, 'Battery': 100, 'Signal': 'N/A', 'time': datetime.datetime(2026, 4, 16, 14, 44, 34, 583462)}, {'device_id': 1, 'air_humidity': 'Error', 'Battery': 80, 'Signal': 'N/A', 'time': datetime.datetime(2026, 4, 16, 14, 44, 34, 583462), 'air_temperature': 'Error', 'gas_pm2.5': 'Error', 'water_level': 'Error', 'gas_o2': 'Error', 'gas_co2': 'Error', 'gas_co': 'Error', 'gas_h2s': 'Error', 'gas_ch4': 'Error', 'gas_ex': 'Error'}]
2026-04-16 14:44:54,590 WARNING: Message missing device_id: {'cpu_percent': '0.0%', 'cpu_temp_c': '51.1°„C', 'memory_mb': '19.9', 'system_memory_percent': '50.4%', 'thread_count': 10, 'uptime': '00:11:52'}
2026-04-16 14:45:05,584 INFO: Log data:[{'device_id': 0, 'air_flow': 0.0, 'Battery': 100, 'Signal': 'N/A', 'time': datetime.datetime(2026, 4, 16, 14, 45, 4, 579861)}, {'device_id': 1, 'air_humidity': 'Error', 'Battery': 80, 'Signal': 'N/A', 'time': datetime.datetime(2026, 4, 16, 14, 45, 4, 579861), 'air_temperature': 'Error', 'gas_pm2.5': 'Error', 'water_level': 'Error', 'gas_o2': 'Error', 'gas_co2': 'Error', 'gas_co': 'Error', 'gas_h2s': 'Error', 'gas_ch4': 'Error', 'gas_ex': 'Error'}]
2026-04-16 14:45:26,592 WARNING: Message missing device_id: {'cpu_percent': '0.0%', 'cpu_temp_c': '51.6°„C', 'memory_mb': '19.9', 'system_memory_percent': '50.5%', 'thread_count': 10, 'uptime': '00:12:23'}
2026-04-16 14:45:35,590 INFO: Log data:[{'device_id': 0, 'air_flow': 0.0, 'Battery': 100, 'Signal': 'N/A', 'time': datetime.datetime(2026, 4, 16, 14, 45, 34, 593370)}, {'device_id': 1, 'air_humidity': 'Error', 'Battery': 80, 'Signal': 'N/A', 'time': datetime.datetime(2026, 4, 16, 14, 45, 34, 593370), 'air_temperature': 'Error', 'gas_pm2.5': 'Error', 'water_level': 'Error', 'gas_o2': 'Error', 'gas_co2': 'Error', 'gas_co': 'Error', 'gas_h2s': 'Error', 'gas_ch4': 'Error', 'gas_ex': 'Error'}]
2026-04-16 14:45:56,583 WARNING: Message missing device_id: {'cpu_percent': '0.0%', 'cpu_temp_c': '51.6°„C', 'memory_mb': '19.9', 'system_memory_percent': '50.5%', 'thread_count': 10, 'uptime': '00:12:54'}
2026-04-16 14:46:05,592 INFO: Log data:[{'device_id': 0, 'air_flow': 0.0, 'Battery': 100, 'Signal': 'N/A', 'time': datetime.datetime(2026, 4, 16, 14, 46, 4, 594112)}, {'device_id': 1, 'air_humidity': 'Error', 'Battery': 80, 'Signal': 'N/A', 'time': datetime.datetime(2026, 4, 16, 14, 46, 4, 594112), 'air_temperature': 'Error', 'gas_pm2.5': 'Error', 'water_level': 'Error', 'gas_o2': 'Error', 'gas_co2': 'Error', 'gas_co': 'Error', 'gas_h2s': 'Error', 'gas_ch4': 'Error', 'gas_ex': 'Error'}]
2026-04-16 14:46:28,591 WARNING: Message missing device_id: {'cpu_percent': '0.0%', 'cpu_temp_c': '50.6°„C', 'memory_mb': '19.9', 'system_memory_percent': '50.5%', 'thread_count': 10, 'uptime': '00:13:25'}
2026-04-16 14:46:35,586 INFO: Log data:[{'device_id': 0, 'air_flow': 0.0, 'Battery': 100, 'Signal': 'N/A', 'time': datetime.datetime(2026, 4, 16, 14, 46, 34, 581068)}, {'device_id': 1, 'air_humidity': 'Error', 'Battery': 80, 'Signal': 'N/A', 'time': datetime.datetime(2026, 4, 16, 14, 46, 34, 581068), 'air_temperature': 'Error', 'gas_pm2.5': 'Error', 'water_level': 'Error', 'gas_o2': 'Error', 'gas_co2': 'Error', 'gas_co': 'Error', 'gas_h2s': 'Error', 'gas_ch4': 'Error', 'gas_ex': 'Error'}]
2026-04-16 14:46:58,581 WARNING: Message missing device_id: {'cpu_percent': '9.9%', 'cpu_temp_c': '50.6°„C', 'memory_mb': '19.9', 'system_memory_percent': '50.4%', 'thread_count': 10, 'uptime': '00:13:56'}
2026-04-16 14:47:05,584 INFO: Log data:[{'device_id': 0, 'air_flow': 0.0, 'Battery': 100, 'Signal': 'N/A', 'time': datetime.datetime(2026, 4, 16, 14, 47, 4, 587096)}, {'device_id': 1, 'air_humidity': 'Error', 'Battery': 80, 'Signal': 'N/A', 'time': datetime.datetime(2026, 4, 16, 14, 47, 4, 587096), 'air_temperature': 'Error', 'gas_pm2.5': 'Error', 'water_level': 'Error', 'gas_o2': 'Error', 'gas_co2': 'Error', 'gas_co': 'Error', 'gas_h2s': 'Error', 'gas_ch4': 'Error', 'gas_ex': 'Error'}]
2026-04-16 14:47:30,582 WARNING: Message missing device_id: {'cpu_percent': '0.0%', 'cpu_temp_c': '51.1°„C', 'memory_mb': '19.9', 'system_memory_percent': '50.5%', 'thread_count': 10, 'uptime': '00:14:27'}
2026-04-16 14:47:35,581 INFO: Log data:[{'device_id': 0, 'air_flow': 0.0, 'Battery': 100, 'Signal': 'N/A', 'time': datetime.datetime(2026, 4, 16, 14, 47, 34, 583436)}, {'device_id': 1, 'air_humidity': 'Error', 'Battery': 80, 'Signal': 'N/A', 'time': datetime.datetime(2026, 4, 16, 14, 47, 34, 583436), 'air_temperature': 'Error', 'gas_pm2.5': 'Error', 'water_level': 'Error', 'gas_o2': 'Error', 'gas_co2': 'Error', 'gas_co': 'Error', 'gas_h2s': 'Error', 'gas_ch4': 'Error', 'gas_ex': 'Error'}]
2026-04-16 14:48:00,593 WARNING: Message missing device_id: {'cpu_percent': '0.0%', 'cpu_temp_c': '50.6°„C', 'memory_mb': '19.9', 'system_memory_percent': '50.6%', 'thread_count': 10, 'uptime': '00:14:58'}
2026-04-16 14:48:05,593 INFO: Log data:[{'device_id': 0, 'air_flow': 0.0, 'Battery': 100, 'Signal': 'N/A', 'time': datetime.datetime(2026, 4, 16, 14, 48, 4, 594149)}, {'device_id': 1, 'air_humidity': 'Error', 'Battery': 80, 'Signal': 'N/A', 'time': datetime.datetime(2026, 4, 16, 14, 48, 4, 594149), 'air_temperature': 'Error', 'gas_pm2.5': 'Error', 'water_level': 'Error', 'gas_o2': 'Error', 'gas_co2': 'Error', 'gas_co': 'Error', 'gas_h2s': 'Error', 'gas_ch4': 'Error', 'gas_ex': 'Error'}]
